<html>
<body>
<pre>
<h1>µVision Build Log</h1>
<h2>Tool Versions:</h2>
IDE-Version: ¦ÌVision V5.25.3.0
Copyright (C) 2018 ARM Ltd and ARM Germany GmbH. All rights reserved.
License Information: 1 1, 11, LIC=21E4T-RT5UZ-NNJAF-60QSF-IGF9U-0T74F
 
Tool Versions:
Toolchain:       MDK-ARM Plus  Version: 5.33.0.0
Toolchain Path:  D:\keil5\ARM\ARMCC\Bin
C Compiler:      Armcc.exe V5.06 update 7 (build 960)
Assembler:       Armasm.exe V5.06 update 7 (build 960)
Linker/Locator:  ArmLink.exe V5.06 update 7 (build 960)
Library Manager: ArmAr.exe V5.06 update 7 (build 960)
Hex Converter:   FromElf.exe V5.06 update 7 (build 960)
CPU DLL:         SARMCM3.DLL V5.33.0.0
Dialog DLL:      DCM.DLL V1.17.3.0
Target DLL:      CMSIS_AGDI.dll V1.32.12.0
Dialog DLL:      TCM.DLL V1.48.0.0
 
<h2>Project:</h2>
D:\desktop\PL_PMSMV1.97 github\RVMDK\RVMDKN32G45X\PL_PMSM.uvprojx
Project File Date:  08/16/2025

<h2>Output:</h2>
*** Using Compiler 'V5.06 update 7 (build 960)', folder: 'D:\keil5\ARM\ARMCC\Bin'
Rebuild target 'PL_PMSM'
assembling startup_n32g45x.s...
compiling n32g45x_adc.c...
compiling n32g45x_can.c...
compiling System_Init.c...
compiling n32g45x_bkp.c...
compiling SystemClock.c...
compiling n32g45x_comp.c...
compiling system_n32g45x.c...
compiling n32g45x_dac.c...
compiling misc.c...
compiling n32g45x_dbg.c...
compiling drv8323.c...
compiling Pwm.c...
compiling Spi.c...
compiling n32g45x_crc.c...
compiling Adc.c...
compiling main.c...
compiling n32g45x_dma.c...
compiling n32g45x_dvp.c...
compiling n32g45x_exti.c...
compiling n32g45x_eth.c...
compiling n32g45x_i2c.c...
compiling n32g45x_pwr.c...
compiling n32g45x_gpio.c...
compiling n32g45x_flash.c...
compiling n32g45x_iwdg.c...
compiling n32g45x_qspi.c...
compiling n32g45x_rcc.c...
compiling n32g45x_rtc.c...
compiling n32g45x_sdio.c...
compiling n32g45x_spi.c...
compiling Logo.c...
compiling Pidc.c...
compiling SVPWM.c...
compiling n32g45x_usart.c...
compiling n32g45x_tim.c...
compiling n32g45x_wwdg.c...
compiling n32g45x_opamp.c...
compiling n32g45x_xfmc.c...
compiling Function.c...
compiling PidIds.c...
compiling Timer.c...
compiling SvpwmIsr.c...
compiling FLASH_WR.c...
compiling CIA402.c...
compiling UartMode.c...
..\..\SRC\UartMode.c(251): warning:  #177-D: variable "target"  was declared but never referenced
                  {	int target=MotorControler.MotorActivePostion;
..\..\SRC\UartMode.c: 1 warning, 0 errors
compiling SpeedPlan2.c...
compiling PidIqs.c...
compiling Filter.c...
compiling PidSpeed.c...
compiling Pidposition.c...
compiling Pidholding.c...
compiling _atoIQN.c...
compiling ADRC.c...
compiling _IQNasin_acos.c...
compiling _IQNdiv.c...
compiling _IQNexp.c...
compiling _IQNfrac.c...
compiling _IQNlog.c...
compiling _IQNatan2.c...
compiling _IQNmpy.c...
compiling _IQNmpyIQX.c...
compiling _IQNrepeat.c...
compiling _IQNtables.c...
compiling _IQNrmpy.c...
compiling _IQNversion.c...
compiling _IQNrsmpy.c...
compiling mbfuncdiag.c...
compiling _IQNsin_cos.c...
compiling _IQNsqrt.c...
compiling _IQNtoa.c...
compiling _IQNtoF.c...
compiling mbfunccoils.c...
compiling mbcrc.c...
compiling mbfuncdisc.c...
compiling mbfuncholding.c...
compiling mbfuncinput.c...
compiling mbfuncother.c...
compiling mbutils.c...
compiling mbrtu.c...
compiling emcy.c...
compiling mb.c...
compiling portevent.c...
compiling lifegrd.c...
compiling portserial.c...
compiling lss.c...
compiling nmtMaster.c...
compiling porttimer.c...
compiling nmtSlave.c...
compiling objacces.c...
compiling pdo.c...
compiling uart_interface.c...
compiling states.c...
compiling sync.c...
compiling timer.c...
compiling common.c...
compiling sdo.c...
compiling log.c...
compiling canfestival_usart.c...
compiling Ds402_Slave.c...
compiling Ds402_SlaveCb.c...
compiling CANopen_interface.c...
linking...
Program Size: Code=93824 RO-data=6848 RW-data=5992 ZI-data=58224  
FromELF: creating hex file...
After Build - User command #1: fromelf.exe --bin --output Obj/PL_SM_DRIVER.bin Obj/PL_SM_DRIVER.axf
".\Obj\PL_SM_DRIVER.axf" - 0 Error(s), 1 Warning(s).

<h2>Software Packages used:</h2>

Package Vendor: Nationstech
                http://www.keil.com/pack/Nationstech.N32G45x_DFP.1.0.6.pack
                Nationstech.N32G45x_DFP.1.0.6
                Nationstech N32G45x Series Device Support, Drivers and Examples

<h2>Collection of Component include folders:</h2>
  .\RTE\_PL_PMSM
  D:\keil5\keilpack\Nationstech\N32G45x_DFP\1.0.6\firmware\CMSIS\device

<h2>Collection of Component Files used:</h2>
Build Time Elapsed:  00:00:14
</pre>
</body>
</html>
