Component: ARM Compiler 5.06 update 7 (build 960) Tool: armlink [4d3601]

==============================================================================

Section Cross References

    main.o(.text) refers to system_init.o(.text) for System_Init
    main.o(.text) refers to function.o(.text) for ReadVar
    main.o(.text) refers to spi.o(.text) for delay_Ms
    main.o(.text) refers to drv8323.o(.text) for Set_DRV8323
    main.o(.text) refers to mb.o(.text) for eMBInit
    main.o(.text) refers to canopen_interface.o(.text) for CANopen_Init
    main.o(.text) refers to uart_interface.o(.text) for Modbus_Task
    main.o(.text) refers to uartmode.o(.text) for UartMode_Runing
    main.o(.text) refers to cia402.o(.text) for CiA402Mode_Runing
    main.o(.text) refers to main.o(.bss) for SystemVar
    main.o(.text) refers to main.o(.data) for SoftwareVersion
    main.o(.data) refers to pidids.o(.text) for pidids_calc
    main.o(.data) refers to pidspeed.o(.text) for pidspeed_calc
    main.o(.data) refers to pidiqs.o(.text) for pidIqs_calc
    main.o(.data) refers to pidc.o(.text) for pidc_calc
    main.o(.data) refers to pidholding.o(.text) for Pidholding_calc
    main.o(.data) refers to pidposition.o(.text) for pidposition_calc
    startup_n32g45x.o(RESET) refers to startup_n32g45x.o(STACK) for __initial_sp
    startup_n32g45x.o(RESET) refers to startup_n32g45x.o(.text) for Reset_Handler
    startup_n32g45x.o(RESET) refers to system_init.o(.text) for SysTick_Handler
    startup_n32g45x.o(RESET) refers to uart_interface.o(.text) for DMA1_Channel2_IRQHandler
    startup_n32g45x.o(RESET) refers to canopen_interface.o(.text) for USB_LP_CAN1_RX0_IRQHandler
    startup_n32g45x.o(RESET) refers to drv8323.o(.text) for EXTI9_5_IRQHandler
    startup_n32g45x.o(RESET) refers to systemclock.o(.text) for TIM2_IRQHandler
    startup_n32g45x.o(RESET) refers to spi.o(.text) for SPI3_IRQHandler
    startup_n32g45x.o(.text) refers to system_n32g45x.o(.text) for SystemInit
    startup_n32g45x.o(.text) refers to entry.o(.ARM.Collect$$$$00000000) for __main
    system_n32g45x.o(.text) refers to system_n32g45x.o(.data) for SystemCoreClock
    system_n32g45x.o(.text) refers to system_n32g45x.o(.constdata) for AHBPrescTable
    system_init.o(.text) refers to n32g45x_rcc.o(.text) for RCC_EnableAPB1PeriphClk
    system_init.o(.text) refers to systemclock.o(.text) for SystemClk_Init
    system_init.o(.text) refers to drv8323.o(.text) for DRV8323_GPIO_Init
    system_init.o(.text) refers to pwm.o(.text) for Pwm_Init
    system_init.o(.text) refers to adc.o(.text) for Adc_Init
    system_init.o(.text) refers to spi.o(.text) for MT6835_Init
    system_init.o(.text) refers to uart_interface.o(.text) for Modbus_DMA_Init
    system_init.o(.text) refers to timer.o(.text) for Timeing
    system_init.o(.text) refers to svpwmisr.o(.text) for SpeedCalculate
    system_init.o(.text) refers to n32g45x_adc.o(.text) for ADC_GetIntStatus
    system_init.o(.text) refers to n32g45x_tim.o(.text) for TIM_GetIntStatus
    system_init.o(.text) refers to main.o(.bss) for timer
    system_init.o(.text) refers to system_init.o(.bss) for ADC_ConvertedValue
    system_init.o(.text) refers to system_init.o(.data) for CurrentValue
    systemclock.o(.text) refers to n32g45x_rcc.o(.text) for RCC_DeInit
    systemclock.o(.text) refers to n32g45x_flash.o(.text) for FLASH_iCacheCmd
    systemclock.o(.text) refers to n32g45x_gpio.o(.text) for GPIO_ConfigPinRemap
    systemclock.o(.text) refers to n32g45x_tim.o(.text) for TIM_InitTimBaseStruct
    systemclock.o(.text) refers to misc.o(.text) for NVIC_Init
    systemclock.o(.text) refers to spi.o(.text) for Delay_Us
    systemclock.o(.text) refers to main.o(.data) for SpiReadState
    systemclock.o(.text) refers to systemclock.o(.data) for Timer_Loop
    pwm.o(.text) refers to n32g45x_tim.o(.text) for TIM_DeInit
    adc.o(.text) refers to n32g45x_adc.o(.text) for ADC_DeInit
    adc.o(.text) refers to misc.o(.text) for NVIC_PriorityGroupConfig
    spi.o(.text) refers to n32g45x_spi.o(.text) for SPI_I2S_GetStatus
    spi.o(.text) refers to n32g45x_gpio.o(.text) for GPIO_SetBits
    spi.o(.text) refers to misc.o(.text) for NVIC_Init
    spi.o(.text) refers to main.o(.data) for SpiReadState
    spi.o(.text) refers to spi.o(.data) for SpiBuffer
    spi.o(.text) refers to main.o(.bss) for MotorControler
    drv8323.o(.text) refers to n32g45x_rcc.o(.text) for RCC_EnableAPB2PeriphClk
    drv8323.o(.text) refers to n32g45x_gpio.o(.text) for GPIO_InitPeripheral
    drv8323.o(.text) refers to n32g45x_exti.o(.text) for EXTI_InitPeripheral
    drv8323.o(.text) refers to misc.o(.text) for NVIC_Init
    drv8323.o(.text) refers to spi.o(.text) for delay_Ms
    drv8323.o(.text) refers to n32g45x_spi.o(.text) for SPI_Init
    drv8323.o(.text) refers to main.o(.bss) for SystemError
    n32g45x_adc.o(.text) refers to n32g45x_rcc.o(.text) for RCC_EnableAHBPeriphReset
    n32g45x_bkp.o(.text) refers to n32g45x_rcc.o(.text) for RCC_EnableBackupReset
[...]
    _IQ9cosPU                                0x0800d34d   Thumb Code    18  _iqnsin_cos.o(.text)
    _IQ8cosPU                                0x0800d35f   Thumb Code    18  _iqnsin_cos.o(.text)
    _IQ7cosPU                                0x0800d371   Thumb Code    18  _iqnsin_cos.o(.text)
    _IQ6cosPU                                0x0800d383   Thumb Code    18  _iqnsin_cos.o(.text)
    _IQ5cosPU                                0x0800d395   Thumb Code    18  _iqnsin_cos.o(.text)
    _IQ4cosPU                                0x0800d3a7   Thumb Code    18  _iqnsin_cos.o(.text)
    _IQ3cosPU                                0x0800d3b9   Thumb Code    18  _iqnsin_cos.o(.text)
    _IQ2cosPU                                0x0800d3cb   Thumb Code    18  _iqnsin_cos.o(.text)
    _IQ1cosPU                                0x0800d3dd   Thumb Code    18  _iqnsin_cos.o(.text)
    eMBFuncReadCoils                         0x0800d3ff   Thumb Code   158  mbfunccoils.o(.text)
    eMBFuncWriteCoil                         0x0800d49d   Thumb Code    72  mbfunccoils.o(.text)
    eMBFuncWriteMultipleCoils                0x0800d4e5   Thumb Code   136  mbfunccoils.o(.text)
    eMBFuncReadDiscreteInputs                0x0800d56d   Thumb Code   158  mbfuncdisc.o(.text)
    eMBFuncWriteHoldingRegister              0x0800d60b   Thumb Code    52  mbfuncholding.o(.text)
    eMBFuncWriteMultipleHoldingRegister      0x0800d63f   Thumb Code   102  mbfuncholding.o(.text)
    eMBFuncReadHoldingRegister               0x0800d6a5   Thumb Code   126  mbfuncholding.o(.text)
    eMBFuncReadWriteMultipleHoldingRegister  0x0800d723   Thumb Code   182  mbfuncholding.o(.text)
    eMBFuncReadInputRegister                 0x0800d7d9   Thumb Code   120  mbfuncinput.o(.text)
    eMBSetSlaveID                            0x0800d851   Thumb Code   110  mbfuncother.o(.text)
    eMBFuncReportSlaveID                     0x0800d8bf   Thumb Code    30  mbfuncother.o(.text)
    xMBUtilSetBits                           0x0800d8e5   Thumb Code    96  mbutils.o(.text)
    xMBUtilGetBits                           0x0800d945   Thumb Code    42  mbutils.o(.text)
    prveMBError2Exception                    0x0800d96f   Thumb Code    34  mbutils.o(.text)
    usMBCRC16                                0x0800d991   Thumb Code    48  mbcrc.o(.text)
    eMBRTUStart                              0x0800d9c9   Thumb Code    20  mbrtu.o(.text)
    eMBRTUStop                               0x0800d9dd   Thumb Code    24  mbrtu.o(.text)
    eMBRTUReceive                            0x0800d9f5   Thumb Code   116  mbrtu.o(.text)
    xMBRTUReceiveFSM                         0x0800da69   Thumb Code    58  mbrtu.o(.text)
    xMBRTUTransmitFSM                        0x0800daa3   Thumb Code    94  mbrtu.o(.text)
    xMBRTUTimerT35Expired                    0x0800db01   Thumb Code    56  mbrtu.o(.text)
    FillBuf                                  0x0800db5d   Thumb Code    48  mb.o(.text)
    MB_JudgeNum                              0x0800db8d   Thumb Code    88  mb.o(.text)
    MB_JudgeAddr                             0x0800dbe5   Thumb Code    16  mb.o(.text)
    MB_Analyze_Execute                       0x0800dbf5   Thumb Code   246  mb.o(.text)
    isWritableAddr                           0x0800df2f   Thumb Code    18  mb.o(.text)
    MB_Exception_RSP                         0x0800e021   Thumb Code   120  mb.o(.text)
    MB_RSP                                   0x0800e099   Thumb Code   346  mb.o(.text)
    eMBInit                                  0x0800e1f3   Thumb Code   116  mb.o(.text)
    eMBRegisterCB                            0x0800e267   Thumb Code   140  mb.o(.text)
    eMBClose                                 0x0800e2f3   Thumb Code    32  mb.o(.text)
    eMBEnable                                0x0800e313   Thumb Code    32  mb.o(.text)
    eMBDisable                               0x0800e333   Thumb Code    42  mb.o(.text)
    eMBPoll                                  0x0800e35d   Thumb Code   374  mb.o(.text)
    getPDUData                               0x0800e4d3   Thumb Code     4  mb.o(.text)
    xMBPortEventInit                         0x0800e4e5   Thumb Code    10  portevent.o(.text)
    xMBPortEventPost                         0x0800e4ef   Thumb Code    16  portevent.o(.text)
    xMBPortEventGet                          0x0800e4ff   Thumb Code    28  portevent.o(.text)
    vMBPortSerialEnable                      0x0800e525   Thumb Code     2  portserial.o(.text)
    xMBPortSerialInit                        0x0800e527   Thumb Code     8  portserial.o(.text)
    xMBPortSerialPutByte                     0x0800e52f   Thumb Code     6  portserial.o(.text)
    Modbus_USART_Init                        0x0800e535   Thumb Code   206  uart_interface.o(.text)
    Modbus_DMA_Init                          0x0800e603   Thumb Code   216  uart_interface.o(.text)
    Modbus_DMA_ReEnable                      0x0800e6db   Thumb Code    32  uart_interface.o(.text)
    DMA1_Channel2_IRQHandler                 0x0800e6fb   Thumb Code    54  uart_interface.o(.text)
    USART3_IRQHandler                        0x0800e731   Thumb Code    60  uart_interface.o(.text)
    Update_Modbus_RO_Data                    0x0800e76d   Thumb Code  2696  uart_interface.o(.text)
    Modbus_Respond                           0x0800f1f5   Thumb Code  2926  uart_interface.o(.text)
    Modbus_Task                              0x0800fd63   Thumb Code   294  uart_interface.o(.text)
    OnNumberOfErrorsUpdate                   0x0800fe89   Thumb Code    44  emcy.o(.text)
    emergencyInit                            0x0800feb5   Thumb Code    30  emcy.o(.text)
    emergencyStop                            0x0800fed3   Thumb Code     2  emcy.o(.text)
    sendEMCY                                 0x0800fed5   Thumb Code    88  emcy.o(.text)
    EMCY_setError                            0x0800ff2d   Thumb Code   296  emcy.o(.text)
    EMCY_errorRecovered                      0x08010055   Thumb Code   154  emcy.o(.text)
    proceedEMCY                              0x080100ef   Thumb Code    58  emcy.o(.text)
    _post_emcy                               0x08010129   Thumb Code     6  emcy.o(.text)
    getNodeState                             0x08010131   Thumb Code    16  lifegrd.o(.text)
    ConsumerHeartbeatAlarm                   0x08010141   Thumb Code    50  lifegrd.o(.text)
    proceedNODE_GUARD                        0x08010173   Thumb Code   276  lifegrd.o(.text)
    ProducerHeartbeatAlarm                   0x08010287   Thumb Code    72  lifegrd.o(.text)
    GuardTimeAlarm                           0x080102cf   Thumb Code   118  lifegrd.o(.text)
    nodeguardInit                            0x08010345   Thumb Code   128  lifegrd.o(.text)
    nodeguardStop                            0x080103c5   Thumb Code    18  lifegrd.o(.text)
    OnNodeGuardUpdate                        0x080103d7   Thumb Code    24  lifegrd.o(.text)
    OnHeartbeatProducerUpdate                0x080103ef   Thumb Code    66  lifegrd.o(.text)
    heartbeatInit                            0x08010431   Thumb Code   132  lifegrd.o(.text)
    heartbeatStop                            0x080104b5   Thumb Code    56  lifegrd.o(.text)
    lifeGuardInit                            0x080104ed   Thumb Code    18  lifegrd.o(.text)
    lifeGuardStop                            0x080104ff   Thumb Code    18  lifegrd.o(.text)
    _heartbeatError                          0x08010511   Thumb Code     2  lifegrd.o(.text)
    _post_SlaveBootup                        0x08010513   Thumb Code     2  lifegrd.o(.text)
    _post_SlaveStateChange                   0x08010515   Thumb Code     2  lifegrd.o(.text)
    _nodeguardError                          0x08010517   Thumb Code     2  lifegrd.o(.text)
    masterSendNMTstateChange                 0x0801051d   Thumb Code    44  nmtmaster.o(.text)
    masterSendNMTnodeguard                   0x08010549   Thumb Code    38  nmtmaster.o(.text)
    masterRequestNodeState                   0x0801056f   Thumb Code    50  nmtmaster.o(.text)
    proceedNMTstateChange                    0x080105a1   Thumb Code   224  nmtslave.o(.text)
    slaveSendBootUp                          0x08010681   Thumb Code    46  nmtslave.o(.text)
    accessDictionaryError                    0x080106b1   Thumb Code    10  objacces.o(.text)
    _getODentry                              0x080106bb   Thumb Code   224  objacces.o(.text)
    _setODentry                              0x0801079b   Thumb Code   302  objacces.o(.text)
    RegisterSetODentryCallBack               0x080108c9   Thumb Code    50  objacces.o(.text)
    _storeODSubIndex                         0x080108fb   Thumb Code     6  objacces.o(.text)
    CopyBits                                 0x08010911   Thumb Code   236  pdo.o(.text)
    buildPDO                                 0x080109fd   Thumb Code   238  pdo.o(.text)
    sendPDOrequest                           0x08010aeb   Thumb Code    98  pdo.o(.text)
    PDOInhibitTimerAlarm                     0x08010b79   Thumb Code    56  pdo.o(.text)
    sendOnePDOevent                          0x08010bb1   Thumb Code   340  pdo.o(.text)
    PDOEventTimerAlarm                       0x08010d05   Thumb Code    46  pdo.o(.text)
    proceedPDO                               0x08010d33   Thumb Code   730  pdo.o(.text)
    _sendPDOevent                            0x0801100d   Thumb Code   416  pdo.o(.text)
    sendPDOevent                             0x080111ad   Thumb Code    14  pdo.o(.text)
    _RxPDO_EventTimers_Handler               0x080111bb   Thumb Code     2  pdo.o(.text)
    TPDO_Communication_Parameter_Callback    0x080111bd   Thumb Code   150  pdo.o(.text)
    PDOInit                                  0x08011253   Thumb Code    84  pdo.o(.text)
    PDOStop                                  0x080112a7   Thumb Code   120  pdo.o(.text)
    PDOEnable                                0x0801131f   Thumb Code    48  pdo.o(.text)
    PDODisable                               0x0801134f   Thumb Code    48  pdo.o(.text)
    initSDOline                              0x08011381   Thumb Code   444  sdo.o(.text)
    resetSDOline                             0x0801153d   Thumb Code    96  sdo.o(.text)
    sendSDO                                  0x0801159d   Thumb Code   162  sdo.o(.text)
    sendSDOabort                             0x0801163f   Thumb Code    82  sdo.o(.text)
    SDOTimeoutAlarm                          0x08011691   Thumb Code   312  sdo.o(.text)
    resetSDO                                 0x080117c9   Thumb Code    26  sdo.o(.text)
    SDOlineToObjdict                         0x080117e3   Thumb Code   172  sdo.o(.text)
    objdictToSDOline                         0x0801188f   Thumb Code   142  sdo.o(.text)
    lineToSDO                                0x0801191d   Thumb Code   176  sdo.o(.text)
    SDOtoLine                                0x080119cd   Thumb Code   134  sdo.o(.text)
    getSDOlineOnUse                          0x08011a53   Thumb Code   114  sdo.o(.text)
    failedSDO                                0x08011ac5   Thumb Code   182  sdo.o(.text)
    getSDOfreeLine                           0x08011b7b   Thumb Code    70  sdo.o(.text)
    getSDOlineToClose                        0x08011bc1   Thumb Code    92  sdo.o(.text)
    GetSDOClientFromNodeId                   0x08011c1d   Thumb Code    84  sdo.o(.text)
    closeSDOtransfer                         0x08011c71   Thumb Code    64  sdo.o(.text)
    getSDOlineRestBytes                      0x08011cb1   Thumb Code    74  sdo.o(.text)
    setSDOlineRestBytes                      0x08011cfb   Thumb Code    34  sdo.o(.text)
    proceedSDO                               0x08011d1d   Thumb Code 11072  sdo.o(.text)
    resetClientSDOLineFromNodeId             0x0801485d   Thumb Code    52  sdo.o(.text)
    _writeNetworkDict                        0x08014891   Thumb Code   490  sdo.o(.text)
    writeNetworkDict                         0x08014a7b   Thumb Code    54  sdo.o(.text)
    writeNetworkDictCallBack                 0x08014ab1   Thumb Code    46  sdo.o(.text)
    writeNetworkDictCallBackAI               0x08014adf   Thumb Code   194  sdo.o(.text)
    _readNetworkDict                         0x08014ba1   Thumb Code   316  sdo.o(.text)
    readNetworkDict                          0x08014cdd   Thumb Code    42  sdo.o(.text)
    readNetworkDictCallback                  0x08014d07   Thumb Code    40  sdo.o(.text)
    readNetworkDictCallbackAI                0x08014d2f   Thumb Code   186  sdo.o(.text)
    getReadResultNetworkDict                 0x08014de9   Thumb Code   386  sdo.o(.text)
    getWriteResultNetworkDict                0x08014f6b   Thumb Code   144  sdo.o(.text)
    getState                                 0x08014ffd   Thumb Code     8  states.o(.text)
    canDispatch                              0x08015005   Thumb Code   142  states.o(.text)
    switchCommunicationState                 0x08015093   Thumb Code   324  states.o(.text)
    setState                                 0x080151d7   Thumb Code   200  states.o(.text)
    getNodeId                                0x0801529f   Thumb Code     8  states.o(.text)
    setNodeId                                0x080152a7   Thumb Code   422  states.o(.text)
    _initialisation                          0x0801544d   Thumb Code     2  states.o(.text)
    _preOperational                          0x0801544f   Thumb Code    22  states.o(.text)
    _operational                             0x08015465   Thumb Code     2  states.o(.text)
    _stopped                                 0x08015467   Thumb Code     2  states.o(.text)
    proceedSYNC                              0x0801546d   Thumb Code    58  sync.o(.text)
    sendSYNCMessage                          0x080154a7   Thumb Code    38  sync.o(.text)
    sendSYNC                                 0x080154cd   Thumb Code    22  sync.o(.text)
    SyncAlarm                                0x080154e3   Thumb Code    14  sync.o(.text)
    stopSYNC                                 0x080154f1   Thumb Code    46  sync.o(.text)
    startSYNC                                0x0801551f   Thumb Code   110  sync.o(.text)
    OnCOB_ID_SyncUpdate                      0x0801558d   Thumb Code    18  sync.o(.text)
    _post_sync                               0x0801559f   Thumb Code     2  sync.o(.text)
    _post_TPDO                               0x080155a1   Thumb Code     2  sync.o(.text)
    SetAlarm                                 0x080155a9   Thumb Code   170  timer_1.o(.text)
    DelAlarm                                 0x08015653   Thumb Code    46  timer_1.o(.text)
    TimeDispatch                             0x08015681   Thumb Code   178  timer_1.o(.text)
    canInit                                  0x08015741   Thumb Code   310  canopen_interface.o(.text)
    canOpen                                  0x08015877   Thumb Code    34  canopen_interface.o(.text)
    CANopen_Init                             0x08015899   Thumb Code   212  canopen_interface.o(.text)
    CANopen_Task                             0x0801596d   Thumb Code    28  canopen_interface.o(.text)
    initTimer                                0x08015989   Thumb Code   118  canopen_interface.o(.text)
    setTimer                                 0x080159ff   Thumb Code    62  canopen_interface.o(.text)
    getElapsedTime                           0x08015a3d   Thumb Code    40  canopen_interface.o(.text)
    TIM3_IRQHandler1                         0x08015a65   Thumb Code    40  canopen_interface.o(.text)
    canSend                                  0x08015a8d   Thumb Code   124  canopen_interface.o(.text)
    canChangeBaudRate_driver                 0x08015b09   Thumb Code     6  canopen_interface.o(.text)
    USB_LP_CAN1_RX0_IRQHandler               0x08015b0f   Thumb Code   212  canopen_interface.o(.text)
    disable_it                               0x08015be3   Thumb Code    24  canopen_interface.o(.text)
    enable_it                                0x08015bfb   Thumb Code    24  canopen_interface.o(.text)
    Ds402_Slave_valueRangeTest               0x08015c21   Thumb Code    22  ds402_slave.o(.text)
    Ds402_Slave_scanIndexOD                  0x08015c37   Thumb Code   764  ds402_slave.o(.text)
    ObScanIndex                              0x08015f33   Thumb Code   762  ds402_slave.o(.text)
    ObGetDataByType                          0x0801622d   Thumb Code    56  ds402_slave.o(.text)
    __aeabi_llsl                             0x08016265   Thumb Code    30  llshl.o(.text)
    _ll_shift_l                              0x08016265   Thumb Code     0  llshl.o(.text)
    __aeabi_llsr                             0x08016283   Thumb Code    32  llushr.o(.text)
    _ll_ushift_r                             0x08016283   Thumb Code     0  llushr.o(.text)
    __aeabi_lasr                             0x080162a3   Thumb Code    36  llsshr.o(.text)
    _ll_sshift_r                             0x080162a3   Thumb Code     0  llsshr.o(.text)
    __aeabi_memcpy                           0x080162c7   Thumb Code    36  memcpya.o(.text)
    __aeabi_memcpy4                          0x080162c7   Thumb Code     0  memcpya.o(.text)
    __aeabi_memcpy8                          0x080162c7   Thumb Code     0  memcpya.o(.text)
    __aeabi_memset                           0x080162eb   Thumb Code    14  memseta.o(.text)
    __aeabi_memset4                          0x080162eb   Thumb Code     0  memseta.o(.text)
    __aeabi_memset8                          0x080162eb   Thumb Code     0  memseta.o(.text)
    __aeabi_memclr                           0x080162f9   Thumb Code     4  memseta.o(.text)
    __aeabi_memclr4                          0x080162f9   Thumb Code     0  memseta.o(.text)
    __aeabi_memclr8                          0x080162f9   Thumb Code     0  memseta.o(.text)
    _memset$wrapper                          0x080162fd   Thumb Code    18  memseta.o(.text)
    strcmp                                   0x0801630f   Thumb Code    28  strcmp.o(.text)
    memcmp                                   0x0801632b   Thumb Code    26  memcmp.o(.text)
    __aeabi_dadd                             0x08016345   Thumb Code   322  dadd.o(.text)
    __aeabi_dsub                             0x08016487   Thumb Code     6  dadd.o(.text)
    __aeabi_drsub                            0x0801648d   Thumb Code     6  dadd.o(.text)
    __aeabi_dmul                             0x08016493   Thumb Code   228  dmul.o(.text)
    __aeabi_ddiv                             0x08016577   Thumb Code   222  ddiv.o(.text)
    __aeabi_i2d                              0x08016655   Thumb Code    34  dflti.o(.text)
    __aeabi_f2d                              0x08016677   Thumb Code    38  f2d.o(.text)
    __aeabi_cdcmpeq                          0x0801669d   Thumb Code     0  cdcmple.o(.text)
    __aeabi_cdcmple                          0x0801669d   Thumb Code    48  cdcmple.o(.text)
    __aeabi_cdrcmple                         0x080166cd   Thumb Code    48  cdrcmple.o(.text)
    __aeabi_d2f                              0x080166fd   Thumb Code    56  d2f.o(.text)
    __I$use$fp                               0x08016735   Thumb Code     0  iusefp.o(.text)
    _float_round                             0x08016735   Thumb Code    18  fepilogue.o(.text)
    _float_epilogue                          0x08016747   Thumb Code    92  fepilogue.o(.text)
    _double_round                            0x080167a3   Thumb Code    30  depilogue.o(.text)
    _double_epilogue                         0x080167c1   Thumb Code   156  depilogue.o(.text)
    __fp_status                              0x0801685d   Thumb Code     4  fpstat.o(.text)
    __ieee_status                            0x0801685d   Thumb Code     0  fpstat.o(.text)
    __scatterload                            0x08016861   Thumb Code    28  init.o(.text)
    __scatterload_rt2                        0x08016861   Thumb Code     0  init.o(.text)
    __decompress                             0x08016885   Thumb Code     0  __dczerorl2.o(.text)
    __decompress1                            0x08016885   Thumb Code    86  __dczerorl2.o(.text)
    __ARM_fpclassifyf                        0x080168db   Thumb Code    38  fpclassifyf.o(i.__ARM_fpclassifyf)
    __hardfp_powf                            0x08016901   Thumb Code  1606  powf.o(i.__hardfp_powf)
    __mathlib_powf                           0x08016901   Thumb Code     0  powf.o(i.__hardfp_powf)
    __hardfp_sqrtf                           0x08016f65   Thumb Code    58  sqrtf.o(i.__hardfp_sqrtf)
    __mathlib_flt_divzero                    0x08016fa1   Thumb Code    14  funder.o(i.__mathlib_flt_divzero)
    __mathlib_flt_infnan2                    0x08016fb5   Thumb Code     6  funder.o(i.__mathlib_flt_infnan2)
    __mathlib_flt_invalid                    0x08016fbd   Thumb Code    10  funder.o(i.__mathlib_flt_invalid)
    __mathlib_flt_overflow                   0x08016fcd   Thumb Code    10  funder.o(i.__mathlib_flt_overflow)
    __mathlib_flt_underflow                  0x08016fdd   Thumb Code    10  funder.o(i.__mathlib_flt_underflow)
    __scatterload_copy                       0x08016fed   Thumb Code    14  handlers.o(i.__scatterload_copy)
    __scatterload_null                       0x08016ffb   Thumb Code     2  handlers.o(i.__scatterload_null)
    __scatterload_zeroinit                   0x08016ffd   Thumb Code    14  handlers.o(i.__scatterload_zeroinit)
    __set_errno                              0x0801700d   Thumb Code     6  errno.o(i.__set_errno)
    AHBPrescTable                            0x08017018   Data          16  system_n32g45x.o(.constdata)
    _IQ31CosLookup                           0x08017068   Data         208  _iqntables.o(.constdata)
    _IQ31SinLookup                           0x08017138   Data         208  _iqntables.o(.constdata)
    _IQ29Asin_coeffs                         0x08017208   Data         340  _iqntables.o(.constdata)
    _IQ32atan_coeffs                         0x0801735c   Data         528  _iqntables.o(.constdata)
    _IQ30exp_coeffs                          0x0801756c   Data          44  _iqntables.o(.constdata)
    _IQNexp_min                              0x08017598   Data         120  _iqntables.o(.constdata)
    _IQNexp_max                              0x08017610   Data         120  _iqntables.o(.constdata)
    _IQNexp_offset                           0x08017688   Data         120  _iqntables.o(.constdata)
    _IQNexp_lookup1                          0x08017700   Data          88  _iqntables.o(.constdata)
    _IQNexp_lookup2                          0x08017758   Data          88  _iqntables.o(.constdata)
    _IQNexp_lookup3                          0x080177b0   Data          88  _iqntables.o(.constdata)
    _IQNexp_lookup4                          0x08017808   Data          88  _iqntables.o(.constdata)
    _IQNexp_lookup5                          0x08017860   Data          88  _iqntables.o(.constdata)
    _IQNexp_lookup6                          0x080178b8   Data          88  _iqntables.o(.constdata)
    _IQNexp_lookup7                          0x08017910   Data          88  _iqntables.o(.constdata)
    _IQNexp_lookup8                          0x08017968   Data          88  _iqntables.o(.constdata)
    _IQNexp_lookup9                          0x080179c0   Data          88  _iqntables.o(.constdata)
    _IQNexp_lookup10                         0x08017a18   Data          88  _iqntables.o(.constdata)
    _IQNexp_lookup11                         0x08017a70   Data          88  _iqntables.o(.constdata)
    _IQNexp_lookup12                         0x08017ac8   Data          88  _iqntables.o(.constdata)
    _IQNexp_lookup13                         0x08017b20   Data          88  _iqntables.o(.constdata)
    _IQNexp_lookup14                         0x08017b78   Data          88  _iqntables.o(.constdata)
    _IQNexp_lookup15                         0x08017bd0   Data          88  _iqntables.o(.constdata)
    _IQNexp_lookup16                         0x08017c28   Data          88  _iqntables.o(.constdata)
    _IQNexp_lookup17                         0x08017c80   Data          88  _iqntables.o(.constdata)
    _IQNexp_lookup18                         0x08017cd8   Data          88  _iqntables.o(.constdata)
    _IQNexp_lookup19                         0x08017d30   Data          88  _iqntables.o(.constdata)
    _IQNexp_lookup20                         0x08017d88   Data          88  _iqntables.o(.constdata)
    _IQNexp_lookup21                         0x08017de0   Data          88  _iqntables.o(.constdata)
    _IQNexp_lookup22                         0x08017e38   Data          88  _iqntables.o(.constdata)
    _IQNexp_lookup23                         0x08017e90   Data          88  _iqntables.o(.constdata)
    _IQNexp_lookup24                         0x08017ee8   Data          88  _iqntables.o(.constdata)
    _IQNexp_lookup25                         0x08017f40   Data          88  _iqntables.o(.constdata)
    _IQNexp_lookup26                         0x08017f98   Data          88  _iqntables.o(.constdata)
    _IQNexp_lookup27                         0x08017ff0   Data          88  _iqntables.o(.constdata)
    _IQNexp_lookup28                         0x08018048   Data          88  _iqntables.o(.constdata)
    _IQNexp_lookup29                         0x080180a0   Data          88  _iqntables.o(.constdata)
    _IQNexp_lookup30                         0x080180f8   Data          88  _iqntables.o(.constdata)
    _IQNlog_min                              0x08018150   Data          20  _iqntables.o(.constdata)
    _IQ30log_coeffs                          0x08018164   Data          60  _iqntables.o(.constdata)
    _IQ6div_lookup                           0x080181a0   Data          65  _iqntables.o(.constdata)
    _IQ14sqrt_lookup                         0x080181e4   Data         384  _iqntables.o(.constdata)
    Ds402_Slave_iam_a_slave                  0x080185a4   Data           1  ds402_slave.o(.constdata)
    Ds402_Slave_objdict                      0x080185a8   Data         528  ds402_slave.o(.constdata)
    Ds402_Slave_firstIndex                   0x080187b8   Data          12  ds402_slave.o(.constdata)
    Ds402_Slave_lastIndex                    0x080187c4   Data          12  ds402_slave.o(.constdata)
    Ds402_Slave_ObjdictSize                  0x080187d0   Data           2  ds402_slave.o(.constdata)
    Region$$Table$$Base                      0x08018920   Number         0  anon$$obj.o(Region$$Table)
    Region$$Table$$Limit                     0x08018940   Number         0  anon$$obj.o(Region$$Table)
    modify                                   0x20000000   Data           4  main.o(.data)
    SoftwareVersion                          0x20000004   Data           2  main.o(.data)
    HardwareVersion                          0x20000006   Data           2  main.o(.data)
    MotorVersion                             0x20000008   Data           2  main.o(.data)
    UdsPid                                   0x2000000c   Data          52  main.o(.data)
    pidpv                                    0x20000040   Data          52  main.o(.data)
    UqsPid                                   0x20000074   Data          56  main.o(.data)
    pidpt                                    0x200000ac   Data          52  main.o(.data)
    pidholding                               0x200000e0   Data          64  main.o(.data)
    pidc_position                            0x20000120   Data          72  main.o(.data)
    svpwm                                    0x20000168   Data          62  main.o(.data)
    CanOpenMode                              0x200001a8   Data          44  main.o(.data)
    MotorVar                                 0x200001d4   Data         200  main.o(.data)
    SysVar                                   0x2000029c   Data         200  main.o(.data)
    SysVarUser                               0x20000364   Data         200  main.o(.data)
    ProcessVar                               0x2000042c   Data         248  main.o(.data)
    PostionPlan_accel_max                    0x20000524   Data           4  main.o(.data)
    PostionPlan_a_accel                      0x20000528   Data           4  main.o(.data)
    PostionPlan_a_decel                      0x2000052c   Data           4  main.o(.data)
    PostionPlan_decel_max                    0x20000530   Data           4  main.o(.data)
    PostionPlan_vel_init                     0x20000534   Data           2  main.o(.data)
    PostionPlan_vel_tar                      0x20000536   Data           2  main.o(.data)
    Uds_OutMax                               0x20000538   Data           2  main.o(.data)
    Uds_OutMin                               0x2000053a   Data           2  main.o(.data)
    Uds_UiMax                                0x2000053c   Data           4  main.o(.data)
    Uds_UiMin                                0x20000540   Data           4  main.o(.data)
    Uds_Kp                                   0x20000544   Data           2  main.o(.data)
    Uds_Ki                                   0x20000546   Data           2  main.o(.data)
    Uqs_OutMax                               0x20000548   Data           2  main.o(.data)
    Uqs_OutMin                               0x2000054a   Data           2  main.o(.data)
    Uqs_UiMax                                0x2000054c   Data           4  main.o(.data)
    Uqs_UiMin                                0x20000550   Data           4  main.o(.data)
    Uqs_Kp                                   0x20000554   Data           2  main.o(.data)
    Uqs_Ki                                   0x20000556   Data           2  main.o(.data)
    pidpt_OutMax                             0x20000558   Data           2  main.o(.data)
    pidpt_OutMin                             0x2000055a   Data           2  main.o(.data)
    pidpt_UiMax                              0x2000055c   Data           4  main.o(.data)
    pidpt_UiMin                              0x20000560   Data           4  main.o(.data)
    pidpt_Kp                                 0x20000564   Data           2  main.o(.data)
    pidpt_Ki                                 0x20000566   Data           2  main.o(.data)
    pidpv_OutMax                             0x20000568   Data           2  main.o(.data)
    pidpv_OutMin                             0x2000056a   Data           2  main.o(.data)
    pidpv_UiMax                              0x2000056c   Data           4  main.o(.data)
    pidpv_UiMin                              0x20000570   Data           4  main.o(.data)
    pidpv_Kp                                 0x20000574   Data           2  main.o(.data)
    pidpv_Ki                                 0x20000576   Data           2  main.o(.data)
    pidc_position_OutMax                     0x20000578   Data           2  main.o(.data)
    pidc_position_OutMin                     0x2000057a   Data           2  main.o(.data)
    pidc_position_UiMax                      0x2000057c   Data           4  main.o(.data)
    pidc_position_UiMin                      0x20000580   Data           4  main.o(.data)
    pidc_position_Kp                         0x20000584   Data           2  main.o(.data)
    pidc_position_Ki                         0x20000586   Data           2  main.o(.data)
    pidholding_OutMax                        0x20000588   Data           2  main.o(.data)
    pidholding_OutMin                        0x2000058a   Data           2  main.o(.data)
    pidholding_UiMax                         0x2000058c   Data           4  main.o(.data)
    pidholding_UiMin                         0x20000590   Data           4  main.o(.data)
    pidholding_Kp                            0x20000594   Data           2  main.o(.data)
    pidholding_Ki                            0x20000596   Data           2  main.o(.data)
    LedStateR                                0x20000598   Data           2  main.o(.data)
    LedStateG                                0x2000059a   Data           2  main.o(.data)
    SpiReadState                             0x2000059c   Data           2  main.o(.data)
    SpiReadState2                            0x2000059e   Data           2  main.o(.data)
    testa1                                   0x200005a0   Data           2  main.o(.data)
    testa2                                   0x200005a2   Data           2  main.o(.data)
    testb1                                   0x200005a4   Data           2  main.o(.data)
    testb2                                   0x200005a6   Data           2  main.o(.data)
    testc1                                   0x200005a8   Data           2  main.o(.data)
    testc2                                   0x200005aa   Data           2  main.o(.data)
    testd1                                   0x200005ac   Data           2  main.o(.data)
    testd2                                   0x200005ae   Data           2  main.o(.data)
    teste1                                   0x200005b0   Data           2  main.o(.data)
    teste2                                   0x200005b2   Data           2  main.o(.data)
    testf1                                   0x200005b4   Data           2  main.o(.data)
    testf2                                   0x200005b6   Data           2  main.o(.data)
    SystemCoreClock                          0x200005b8   Data           4  system_n32g45x.o(.data)
    address_adc_value                        0x200005bc   Data           8  system_init.o(.data)
    CurrentValue                             0x200005c4   Data           6  system_init.o(.data)
    Timer_Loop                               0x200005cc   Data           4  systemclock.o(.data)
    SpiBuffer                                0x200005d0   Data           4  spi.o(.data)
    tmpDs                                    0x200005fa   Data           2  svpwm.o(.data)
    tmpQs                                    0x200005fc   Data           2  svpwm.o(.data)
    UQs_test                                 0x20000600   Data           4  svpwmisr.o(.data)
    Torque_limit                             0x20000604   Data           4  svpwmisr.o(.data)
    svpwm_test                               0x20000608   Data           2  svpwmisr.o(.data)
    angle                                    0x2000060c   Data           4  svpwmisr.o(.data)
    test_omega                               0x20000610   Data           4  svpwmisr.o(.data)
    tmp20                                    0x20000614   Data           2  svpwmisr.o(.data)
    speedref_test                            0x20000616   Data           2  svpwmisr.o(.data)
    As_mean                                  0x20000618   Data           4  svpwmisr.o(.data)
    Bs_mean                                  0x2000061c   Data           4  svpwmisr.o(.data)
    TEMP_A                                   0x20000620   Data           4  svpwmisr.o(.data)
    TEMP_B                                   0x20000624   Data           4  svpwmisr.o(.data)
    TEMP_Uq_filter32                         0x20000628   Data           4  svpwmisr.o(.data)
    TEMP_Uq_filter8                          0x2000062c   Data           4  svpwmisr.o(.data)
    PostionPlanStepCount                     0x20000664   Data           4  cia402.o(.data)
    PostionPlanStepMax                       0x20000668   Data           4  cia402.o(.data)
    PostionPlanStep                          0x2000066c   Data           4  cia402.o(.data)
    error                                    0x20000670   Data           1  cia402.o(.data)
    tmp600                                   0x20000672   Data           2  cia402.o(.data)
    shifttest                                0x20000674   Data           2  cia402.o(.data)
    shifttest1                               0x20000676   Data           2  cia402.o(.data)
    sp_Error                                 0x20000678   Data           1  uartmode.o(.data)
    postion_direction_flag                   0x20000679   Data           1  uartmode.o(.data)
    speed_err                                0x2000067a   Data           2  uartmode.o(.data)
    last_speed_ref                           0x2000067c   Data           2  uartmode.o(.data)
    delaytime                                0x2000067e   Data           2  uartmode.o(.data)
    SpeedFdbpPost23                          0x200006a8   Data           2  pidspeed.o(.data)
    tmp2100a                                 0x200006ac   Data           4  pidspeed.o(.data)
    tmp2100b                                 0x200006b0   Data           4  pidspeed.o(.data)
    maxt                                     0x200006b4   Data           2  pidspeed.o(.data)
    maxtt                                    0x200006b6   Data           2  pidspeed.o(.data)
    last_speedpid_ref                        0x200006b8   Data           2  pidspeed.o(.data)
    resulttmp                                0x200006ba   Data           2  pidspeed.o(.data)
    tempspeeda1                              0x200006bc   Data           2  pidspeed.o(.data)
    tempspeedb1                              0x200006be   Data           2  pidspeed.o(.data)
    v1_ValueMax12                            0x200006c0   Data           2  pidposition.o(.data)
    v2_ValueMax12                            0x200006c2   Data           2  pidposition.o(.data)
    v1_ValueMax13                            0x200006c4   Data           2  pidposition.o(.data)
    v2_ValueMax13                            0x200006c6   Data           2  pidposition.o(.data)
    atest12345                               0x200006c8   Data           4  pidposition.o(.data)
    atest12346                               0x200006cc   Data           4  pidposition.o(.data)
    atest12347                               0x200006d0   Data           4  pidposition.o(.data)
    atest12348                               0x200006d4   Data           4  pidposition.o(.data)
    atest12349                               0x200006d8   Data           4  pidposition.o(.data)
    atest1234a                               0x200006dc   Data           4  pidposition.o(.data)
    maxt2                                    0x200006e0   Data           2  pidposition.o(.data)
    maxtt2                                   0x200006e2   Data           2  pidposition.o(.data)
    tempspeeda                               0x200006e4   Data           2  pidposition.o(.data)
    tempspeedb                               0x200006e6   Data           2  pidposition.o(.data)
    tempspeedb2                              0x200006e8   Data           2  pidposition.o(.data)
    errtmp2                                  0x200006ec   Data           4  pidposition.o(.data)
    errorsum1                                0x200006f0   Data           8  pidholding.o(.data)
    errorsum11                               0x200006f8   Data           8  pidholding.o(.data)
    errorsum111                              0x20000700   Data           8  pidholding.o(.data)
    errorsum2                                0x20000708   Data           8  pidholding.o(.data)
    errorsum22                               0x20000710   Data           8  pidholding.o(.data)
    errorsum222                              0x20000718   Data           8  pidholding.o(.data)
    shfitnum                                 0x20000720   Data           2  pidholding.o(.data)
    speed0                                   0x20000722   Data           2  pidholding.o(.data)
    speedmax                                 0x20000724   Data           2  pidholding.o(.data)
    UoutLinit1                               0x20000726   Data           2  pidholding.o(.data)
    UoutLinit2                               0x20000728   Data           2  pidholding.o(.data)
    clearflg                                 0x2000072a   Data           2  pidholding.o(.data)
    accel_max_tem_multi                      0x2000072c   Data           4  speedplan2.o(.data)
    decel_max_tem_multi                      0x20000730   Data           4  speedplan2.o(.data)
    sp_ptr                                   0x20000734   Data           4  speedplan2.o(.data)
    step_num                                 0x20000738   Data           4  speedplan2.o(.data)
    multi_err_num                            0x2000073c   Data           4  speedplan2.o(.data)
    wc                                       0x20000740   Data           8  adrc.o(.data)
    wo                                       0x20000748   Data           8  adrc.o(.data)
    b0                                       0x20000750   Data           8  adrc.o(.data)
    ts                                       0x20000758   Data           8  adrc.o(.data)
    out                                      0x20000760   Data           8  adrc.o(.data)
    out_up                                   0x20000768   Data           8  adrc.o(.data)
    out_low                                  0x20000770   Data           8  adrc.o(.data)
    ucRTUBuf                                 0x20000780   Data           4  mbrtu.o(.data)
    pxMBFrameCBByteReceived                  0x200007a0   Data           4  mb.o(.data)
    pxMBFrameCBTransmitterEmpty              0x200007a4   Data           4  mb.o(.data)
    pxMBPortCBTimerExpired                   0x200007a8   Data           4  mb.o(.data)
    pxMBFrameCBReceiveFSMCur                 0x200007ac   Data           4  mb.o(.data)
    pxMBFrameCBTransmitFSMCur                0x200007b0   Data           4  mb.o(.data)
    PROTOCOL_SERVER_TIMEOUT_MS               0x20000840   Data           4  uart_interface.o(.data)
    uart_cmd                                 0x20000844   Data           1  uart_interface.o(.data)
    modbus_recv_flag                         0x20000848   Data           4  uart_interface.o(.data)
    modbus_recv_len                          0x2000084c   Data           4  uart_interface.o(.data)
    modbus_send_len                          0x20000850   Data           4  uart_interface.o(.data)
    modbus_send_flag                         0x20000854   Data           4  uart_interface.o(.data)
    test                                     0x20000858   Data           2  uart_interface.o(.data)
    test222                                  0x2000085c   Data           4  uart_interface.o(.data)
    CONTROL_MODE_t                           0x20000860   Data           2  uart_interface.o(.data)
    total_sleep_time                         0x20000864   Data           4  timer_1.o(.data)
    last_timer_raw                           0x20000868   Data           2  timer_1.o(.data)
    tdcount                                  0x2000086c   Data           4  timer_1.o(.data)
    last_counter_val                         0x20000870   Data           4  canopen_interface.o(.data)
    elapsed_time                             0x20000874   Data           4  canopen_interface.o(.data)
    SlaveBoard                               0x2000087c   Data          12  canopen_interface.o(.data)
    Controlword                              0x20000888   Data           2  ds402_slave.o(.data)
    Statusword                               0x2000088a   Data           2  ds402_slave.o(.data)
    Modes_of_operation                       0x2000088c   Data           1  ds402_slave.o(.data)
    Modes_of_operation_display               0x2000088d   Data           1  ds402_slave.o(.data)
    Position_demannd_value                   0x20000890   Data           4  ds402_slave.o(.data)
    Position_actual_value                    0x20000894   Data           4  ds402_slave.o(.data)
    Maximal_following_error                  0x20000898   Data           4  ds402_slave.o(.data)
    Position_window                          0x2000089c   Data           4  ds402_slave.o(.data)
    Position_window_time                     0x200008a0   Data           2  ds402_slave.o(.data)
    Velocity_sensor_actual_value             0x200008a4   Data           4  ds402_slave.o(.data)
    Velocity_demand_value                    0x200008a8   Data           4  ds402_slave.o(.data)
    Velocity_actual_value                    0x200008ac   Data           4  ds402_slave.o(.data)
    Current_actual_value                     0x200008b0   Data           2  ds402_slave.o(.data)
    Target_position                          0x200008b4   Data           4  ds402_slave.o(.data)
    Home_offset                              0x200008b8   Data           4  ds402_slave.o(.data)
    Software_position_limit_Minimal_position_limit 0x200008bc   Data           4  ds402_slave.o(.data)
    Software_position_limit_Maximal_position_limit 0x200008c0   Data           4  ds402_slave.o(.data)
    Maximal_profile_velocity                 0x200008c4   Data           4  ds402_slave.o(.data)
    Profile_velocity                         0x200008c8   Data           4  ds402_slave.o(.data)
    Profile_acceleration                     0x200008cc   Data           4  ds402_slave.o(.data)
    Profile_deceleration                     0x200008d0   Data           4  ds402_slave.o(.data)
    Quick_stop_deceleration                  0x200008d4   Data           4  ds402_slave.o(.data)
    Motion_profile_type                      0x200008d8   Data           2  ds402_slave.o(.data)
    Position_notation_index                  0x200008da   Data           1  ds402_slave.o(.data)
    Position_dimention_index                 0x200008dc   Data           4  ds402_slave.o(.data)
    Velocity_notation_index                  0x200008e0   Data           1  ds402_slave.o(.data)
    Velocity_dimention_index                 0x200008e4   Data           4  ds402_slave.o(.data)
    Acceleraion_notation_index               0x200008e8   Data           1  ds402_slave.o(.data)
    Acceleraion_dimention_index              0x200008ec   Data           4  ds402_slave.o(.data)
    Homing_method                            0x200008f0   Data           1  ds402_slave.o(.data)
    Homing_speeds_Speed_for_switch_search    0x200008f4   Data           4  ds402_slave.o(.data)
    Homing_speeds_Speed_for_zero_search      0x200008f8   Data           4  ds402_slave.o(.data)
    Homing_acceleration                      0x200008fc   Data           4  ds402_slave.o(.data)
    Current_control_parameter_set_Current_regulator_P_gain 0x20000900   Data           2  ds402_slave.o(.data)
    Current_control_parameter_set_Current_regulator_I_gain 0x20000902   Data           2  ds402_slave.o(.data)
    Velocity_control_parameter_set_Velocity_regulator_P_gain 0x20000904   Data           2  ds402_slave.o(.data)
    Velocity_control_parameter_set_Velocity_regulator_I_gain 0x20000906   Data           2  ds402_slave.o(.data)
    Position_control_parameter_set_Position_regulator_P_gain 0x20000908   Data           2  ds402_slave.o(.data)
    Position_control_parameter_set_Position_regulator_I_gain 0x2000090a   Data           2  ds402_slave.o(.data)
    Position_control_parameter_set_Position_regulator_D_gain 0x2000090c   Data           2  ds402_slave.o(.data)
    Position_control_parameter_set_Velocity_feed_forward_factor 0x2000090e   Data           2  ds402_slave.o(.data)
    Position_control_parameter_set_Acceleration_feed_forward_factor 0x20000910   Data           2  ds402_slave.o(.data)
    Target_velocity                          0x20000914   Data           4  ds402_slave.o(.data)
    Motor_type                               0x20000918   Data           2  ds402_slave.o(.data)
    Motor_data_Continous_current_limit       0x2000091a   Data           2  ds402_slave.o(.data)
    Motor_data_Output_current_limit          0x2000091c   Data           2  ds402_slave.o(.data)
    Motor_data_Pole_pair_number              0x2000091e   Data           1  ds402_slave.o(.data)
    Motor_data_Maximal_speed_in_current_mode 0x20000920   Data           2  ds402_slave.o(.data)
    Motor_data_Thermal_time_constant_winding 0x20000922   Data           2  ds402_slave.o(.data)
    Supported_drive_modes                    0x20000924   Data           4  ds402_slave.o(.data)
    Set_point                                0x20000928   Data           4  ds402_slave.o(.data)
    VI_Target_velocity                       0x2000092c   Data           2  ds402_slave.o(.data)
    Targetl_torque                           0x2000092e   Data           2  ds402_slave.o(.data)
    Pos_actual_value_enc                     0x20000930   Data           4  ds402_slave.o(.data)
    Torque_actual_value                      0x20000934   Data           2  ds402_slave.o(.data)
    Ds402_Slave_bDeviceNodeId                0x20000936   Data           1  ds402_slave.o(.data)
    Ds402_Slave_heartBeatTimers              0x20000938   Data           2  ds402_slave.o(.data)
    Ds402_Slave_obj1000                      0x2000093c   Data           4  ds402_slave.o(.data)
    Ds402_Slave_Index1000                    0x20000940   Data          16  ds402_slave.o(.data)
    Ds402_Slave_obj1001                      0x20000950   Data           1  ds402_slave.o(.data)
    Ds402_Slave_Index1001                    0x20000954   Data          16  ds402_slave.o(.data)
    Ds402_Slave_highestSubIndex_obj1003      0x20000964   Data           1  ds402_slave.o(.data)
    Ds402_Slave_obj1003                      0x20000968   Data           4  ds402_slave.o(.data)
    Ds402_Slave_Index1003                    0x2000096c   Data          32  ds402_slave.o(.data)
    Ds402_Slave_obj1005                      0x2000098c   Data           4  ds402_slave.o(.data)
    Ds402_Slave_obj1006                      0x20000990   Data           4  ds402_slave.o(.data)
    Ds402_Slave_obj1008                      0x20000994   Data          11  ds402_slave.o(.data)
    Ds402_Slave_Index1008                    0x200009a0   Data          16  ds402_slave.o(.data)
    Ds402_Slave_obj1009                      0x200009b0   Data          10  ds402_slave.o(.data)
    Ds402_Slave_Index1009                    0x200009bc   Data          16  ds402_slave.o(.data)
    Ds402_Slave_obj100A                      0x200009cc   Data          10  ds402_slave.o(.data)
    Ds402_Slave_Index100A                    0x200009d8   Data          16  ds402_slave.o(.data)
    Ds402_Slave_obj100C                      0x200009e8   Data           2  ds402_slave.o(.data)
    Ds402_Slave_obj100D                      0x200009ea   Data           1  ds402_slave.o(.data)
    Ds402_Slave_obj1014                      0x200009ec   Data           4  ds402_slave.o(.data)
    Ds402_Slave_highestSubIndex_obj1016      0x200009f0   Data           1  ds402_slave.o(.data)
    Ds402_Slave_obj1016                      0x200009f4   Data           4  ds402_slave.o(.data)
    Ds402_Slave_obj1017                      0x200009f8   Data           2  ds402_slave.o(.data)
    Ds402_Slave_Index1017                    0x200009fc   Data          16  ds402_slave.o(.data)
    Ds402_Slave_highestSubIndex_obj1200      0x20000a0c   Data           1  ds402_slave.o(.data)
    Ds402_Slave_obj1200_COB_ID_Client_to_Server_Receive_SDO 0x20000a10   Data           4  ds402_slave.o(.data)
    Ds402_Slave_obj1200_COB_ID_Server_to_Client_Transmit_SDO 0x20000a14   Data           4  ds402_slave.o(.data)
    Ds402_Slave_Index1200                    0x20000a18   Data          48  ds402_slave.o(.data)
    Ds402_Slave_highestSubIndex_obj1400      0x20000a48   Data           1  ds402_slave.o(.data)
    Ds402_Slave_obj1400_COB_ID_used_by_PDO   0x20000a4c   Data           4  ds402_slave.o(.data)
    Ds402_Slave_obj1400_Transmission_Type    0x20000a50   Data           1  ds402_slave.o(.data)
    Ds402_Slave_obj1400_Inhibit_Time         0x20000a52   Data           2  ds402_slave.o(.data)
    Ds402_Slave_obj1400_Compatibility_Entry  0x20000a54   Data           1  ds402_slave.o(.data)
    Ds402_Slave_obj1400_Event_Timer          0x20000a56   Data           2  ds402_slave.o(.data)
    Ds402_Slave_obj1400_SYNC_start_value     0x20000a58   Data           1  ds402_slave.o(.data)
    Ds402_Slave_Index1400                    0x20000a5c   Data         112  ds402_slave.o(.data)
    Ds402_Slave_highestSubIndex_obj1401      0x20000acc   Data           1  ds402_slave.o(.data)
    Ds402_Slave_obj1401_COB_ID_used_by_PDO   0x20000ad0   Data           4  ds402_slave.o(.data)
    Ds402_Slave_obj1401_Transmission_Type    0x20000ad4   Data           1  ds402_slave.o(.data)
    Ds402_Slave_obj1401_Inhibit_Time         0x20000ad6   Data           2  ds402_slave.o(.data)
    Ds402_Slave_obj1401_Compatibility_Entry  0x20000ad8   Data           1  ds402_slave.o(.data)
    Ds402_Slave_obj1401_Event_Timer          0x20000ada   Data           2  ds402_slave.o(.data)
    Ds402_Slave_obj1401_SYNC_start_value     0x20000adc   Data           1  ds402_slave.o(.data)
    Ds402_Slave_Index1401                    0x20000ae0   Data         112  ds402_slave.o(.data)
    Ds402_Slave_highestSubIndex_obj1402      0x20000b50   Data           1  ds402_slave.o(.data)
    Ds402_Slave_obj1402_COB_ID_used_by_PDO   0x20000b54   Data           4  ds402_slave.o(.data)
    Ds402_Slave_obj1402_Transmission_Type    0x20000b58   Data           1  ds402_slave.o(.data)
    Ds402_Slave_obj1402_Inhibit_Time         0x20000b5a   Data           2  ds402_slave.o(.data)
    Ds402_Slave_obj1402_Compatibility_Entry  0x20000b5c   Data           1  ds402_slave.o(.data)
    Ds402_Slave_obj1402_Event_Timer          0x20000b5e   Data           2  ds402_slave.o(.data)
    Ds402_Slave_obj1402_SYNC_start_value     0x20000b60   Data           1  ds402_slave.o(.data)
    Ds402_Slave_Index1402                    0x20000b64   Data         112  ds402_slave.o(.data)
    Ds402_Slave_highestSubIndex_obj1403      0x20000bd4   Data           1  ds402_slave.o(.data)
    Ds402_Slave_obj1403_COB_ID_used_by_PDO   0x20000bd8   Data           4  ds402_slave.o(.data)
    Ds402_Slave_obj1403_Transmission_Type    0x20000bdc   Data           1  ds402_slave.o(.data)
    Ds402_Slave_obj1403_Inhibit_Time         0x20000bde   Data           2  ds402_slave.o(.data)
    Ds402_Slave_obj1403_Compatibility_Entry  0x20000be0   Data           1  ds402_slave.o(.data)
    Ds402_Slave_obj1403_Event_Timer          0x20000be2   Data           2  ds402_slave.o(.data)
    Ds402_Slave_obj1403_SYNC_start_value     0x20000be4   Data           1  ds402_slave.o(.data)
    Ds402_Slave_Index1403                    0x20000be8   Data         112  ds402_slave.o(.data)
    Ds402_Slave_highestSubIndex_obj1600      0x20000c58   Data           1  ds402_slave.o(.data)
    Ds402_Slave_obj1600                      0x20000c5c   Data           8  ds402_slave.o(.data)
    Ds402_Slave_Index1600                    0x20000c64   Data          48  ds402_slave.o(.data)
    Ds402_Slave_highestSubIndex_obj1601      0x20000c94   Data           1  ds402_slave.o(.data)
    Ds402_Slave_obj1601                      0x20000c98   Data           8  ds402_slave.o(.data)
    Ds402_Slave_Index1601                    0x20000ca0   Data          48  ds402_slave.o(.data)
    Ds402_Slave_highestSubIndex_obj1602      0x20000cd0   Data           1  ds402_slave.o(.data)
    Ds402_Slave_obj1602                      0x20000cd4   Data           4  ds402_slave.o(.data)
    Ds402_Slave_Index1602                    0x20000cd8   Data          32  ds402_slave.o(.data)
    Ds402_Slave_highestSubIndex_obj1603      0x20000cf8   Data           1  ds402_slave.o(.data)
    Ds402_Slave_obj1603                      0x20000cfc   Data           8  ds402_slave.o(.data)
    Ds402_Slave_Index1603                    0x20000d04   Data          48  ds402_slave.o(.data)
    Ds402_Slave_highestSubIndex_obj1800      0x20000d34   Data           1  ds402_slave.o(.data)
    Ds402_Slave_obj1800_COB_ID_used_by_PDO   0x20000d38   Data           4  ds402_slave.o(.data)
    Ds402_Slave_obj1800_Transmission_Type    0x20000d3c   Data           1  ds402_slave.o(.data)
    Ds402_Slave_obj1800_Inhibit_Time         0x20000d3e   Data           2  ds402_slave.o(.data)
    Ds402_Slave_obj1800_Compatibility_Entry  0x20000d40   Data           1  ds402_slave.o(.data)
    Ds402_Slave_obj1800_Event_Timer          0x20000d42   Data           2  ds402_slave.o(.data)
    Ds402_Slave_obj1800_SYNC_start_value     0x20000d44   Data           1  ds402_slave.o(.data)
    Ds402_Slave_Index1800                    0x20000d48   Data         112  ds402_slave.o(.data)
    Ds402_Slave_highestSubIndex_obj1801      0x20000db8   Data           1  ds402_slave.o(.data)
    Ds402_Slave_obj1801_COB_ID_used_by_PDO   0x20000dbc   Data           4  ds402_slave.o(.data)
    Ds402_Slave_obj1801_Transmission_Type    0x20000dc0   Data           1  ds402_slave.o(.data)
    Ds402_Slave_obj1801_Inhibit_Time         0x20000dc2   Data           2  ds402_slave.o(.data)
    Ds402_Slave_obj1801_Compatibility_Entry  0x20000dc4   Data           1  ds402_slave.o(.data)
    Ds402_Slave_obj1801_Event_Timer          0x20000dc6   Data           2  ds402_slave.o(.data)
    Ds402_Slave_obj1801_SYNC_start_value     0x20000dc8   Data           1  ds402_slave.o(.data)
    Ds402_Slave_Index1801                    0x20000dcc   Data         112  ds402_slave.o(.data)
    Ds402_Slave_highestSubIndex_obj1802      0x20000e3c   Data           1  ds402_slave.o(.data)
    Ds402_Slave_obj1802_COB_ID_used_by_PDO   0x20000e40   Data           4  ds402_slave.o(.data)
    Ds402_Slave_obj1802_Transmission_Type    0x20000e44   Data           1  ds402_slave.o(.data)
    Ds402_Slave_obj1802_Inhibit_Time         0x20000e46   Data           2  ds402_slave.o(.data)
    Ds402_Slave_obj1802_Compatibility_Entry  0x20000e48   Data           1  ds402_slave.o(.data)
    Ds402_Slave_obj1802_Event_Timer          0x20000e4a   Data           2  ds402_slave.o(.data)
    Ds402_Slave_obj1802_SYNC_start_value     0x20000e4c   Data           1  ds402_slave.o(.data)
    Ds402_Slave_Index1802                    0x20000e50   Data         112  ds402_slave.o(.data)
    Ds402_Slave_highestSubIndex_obj1803      0x20000ec0   Data           1  ds402_slave.o(.data)
    Ds402_Slave_obj1803_COB_ID_used_by_PDO   0x20000ec4   Data           4  ds402_slave.o(.data)
    Ds402_Slave_obj1803_Transmission_Type    0x20000ec8   Data           1  ds402_slave.o(.data)
    Ds402_Slave_obj1803_Inhibit_Time         0x20000eca   Data           2  ds402_slave.o(.data)
    Ds402_Slave_obj1803_Compatibility_Entry  0x20000ecc   Data           1  ds402_slave.o(.data)
    Ds402_Slave_obj1803_Event_Timer          0x20000ece   Data           2  ds402_slave.o(.data)
    Ds402_Slave_obj1803_SYNC_start_value     0x20000ed0   Data           1  ds402_slave.o(.data)
    Ds402_Slave_Index1803                    0x20000ed4   Data         112  ds402_slave.o(.data)
    Ds402_Slave_highestSubIndex_obj1A00      0x20000f44   Data           1  ds402_slave.o(.data)
    Ds402_Slave_obj1A00                      0x20000f48   Data           8  ds402_slave.o(.data)
    Ds402_Slave_Index1A00                    0x20000f50   Data          48  ds402_slave.o(.data)
    Ds402_Slave_highestSubIndex_obj1A01      0x20000f80   Data           1  ds402_slave.o(.data)
    Ds402_Slave_obj1A01                      0x20000f84   Data           4  ds402_slave.o(.data)
    Ds402_Slave_Index1A01                    0x20000f88   Data          32  ds402_slave.o(.data)
    Ds402_Slave_highestSubIndex_obj1A02      0x20000fa8   Data           1  ds402_slave.o(.data)
    Ds402_Slave_obj1A02                      0x20000fac   Data           4  ds402_slave.o(.data)
    Ds402_Slave_Index1A02                    0x20000fb0   Data          32  ds402_slave.o(.data)
    Ds402_Slave_highestSubIndex_obj1A03      0x20000fd0   Data           1  ds402_slave.o(.data)
    Ds402_Slave_obj1A03                      0x20000fd4   Data           4  ds402_slave.o(.data)
    Ds402_Slave_Index1A03                    0x20000fd8   Data          32  ds402_slave.o(.data)
    Ds402_Slave_Index6040                    0x20000ff8   Data          16  ds402_slave.o(.data)
    Ds402_Slave_Index6060                    0x20001008   Data          16  ds402_slave.o(.data)
    Ds402_Slave_Index607A                    0x20001018   Data          16  ds402_slave.o(.data)
    Ds402_Slave_Index60C1                    0x20001028   Data          16  ds402_slave.o(.data)
    Ds402_Slave_Index6042                    0x20001038   Data          16  ds402_slave.o(.data)
    Ds402_Slave_Index60FF                    0x20001048   Data          16  ds402_slave.o(.data)
    Ds402_Slave_Index6071                    0x20001058   Data          16  ds402_slave.o(.data)
    Ds402_Slave_Index6041                    0x20001068   Data          16  ds402_slave.o(.data)
    Ds402_Slave_Index6061                    0x20001078   Data          16  ds402_slave.o(.data)
    Ds402_Slave_Index6063                    0x20001088   Data          16  ds402_slave.o(.data)
    Ds402_Slave_Index6064                    0x20001098   Data          16  ds402_slave.o(.data)
    Ds402_Slave_Index606C                    0x200010a8   Data          16  ds402_slave.o(.data)
    Ds402_Slave_Index6077                    0x200010b8   Data          16  ds402_slave.o(.data)
    Ds402_Slave_Index6062                    0x200010c8   Data          16  ds402_slave.o(.data)
    Ds402_Slave_Index6065                    0x200010d8   Data          16  ds402_slave.o(.data)
    Ds402_Slave_Index6067                    0x200010e8   Data          16  ds402_slave.o(.data)
    Ds402_Slave_Index6068                    0x200010f8   Data          16  ds402_slave.o(.data)
    Ds402_Slave_Index6069                    0x20001108   Data          16  ds402_slave.o(.data)
    Ds402_Slave_Index606B                    0x20001118   Data          16  ds402_slave.o(.data)
    Ds402_Slave_Index6078                    0x20001128   Data          16  ds402_slave.o(.data)
    Ds402_Slave_Index607C                    0x20001138   Data          16  ds402_slave.o(.data)
    Ds402_Slave_highestSubIndex_obj607D      0x20001148   Data           1  ds402_slave.o(.data)
    Ds402_Slave_Index607D                    0x2000114c   Data          48  ds402_slave.o(.data)
    Ds402_Slave_Index607F                    0x2000117c   Data          16  ds402_slave.o(.data)
    Ds402_Slave_Index6081                    0x2000118c   Data          16  ds402_slave.o(.data)
    Ds402_Slave_Index6083                    0x2000119c   Data          16  ds402_slave.o(.data)
    Ds402_Slave_Index6084                    0x200011ac   Data          16  ds402_slave.o(.data)
    Ds402_Slave_Index6085                    0x200011bc   Data          16  ds402_slave.o(.data)
    Ds402_Slave_Index6086                    0x200011cc   Data          16  ds402_slave.o(.data)
    Ds402_Slave_Index6089                    0x200011dc   Data          16  ds402_slave.o(.data)
    Ds402_Slave_Index608A                    0x200011ec   Data          16  ds402_slave.o(.data)
    Ds402_Slave_Index608B                    0x200011fc   Data          16  ds402_slave.o(.data)
    Ds402_Slave_Index608C                    0x2000120c   Data          16  ds402_slave.o(.data)
    Ds402_Slave_Index608D                    0x2000121c   Data          16  ds402_slave.o(.data)
    Ds402_Slave_Index608E                    0x2000122c   Data          16  ds402_slave.o(.data)
    Ds402_Slave_Index6098                    0x2000123c   Data          16  ds402_slave.o(.data)
    Ds402_Slave_highestSubIndex_obj6099      0x2000124c   Data           1  ds402_slave.o(.data)
    Ds402_Slave_Index6099                    0x20001250   Data          48  ds402_slave.o(.data)
    Ds402_Slave_Index609A                    0x20001280   Data          16  ds402_slave.o(.data)
    Ds402_Slave_highestSubIndex_obj60F6      0x20001290   Data           1  ds402_slave.o(.data)
    Ds402_Slave_Index60F6                    0x20001294   Data          48  ds402_slave.o(.data)
    Ds402_Slave_highestSubIndex_obj60F9      0x200012c4   Data           1  ds402_slave.o(.data)
    Ds402_Slave_Index60F9                    0x200012c8   Data          48  ds402_slave.o(.data)
    Ds402_Slave_highestSubIndex_obj60FB      0x200012f8   Data           1  ds402_slave.o(.data)
    Ds402_Slave_Index60FB                    0x200012fc   Data          96  ds402_slave.o(.data)
    Ds402_Slave_Index6402                    0x2000135c   Data          16  ds402_slave.o(.data)
    Ds402_Slave_highestSubIndex_obj6410      0x2000136c   Data           1  ds402_slave.o(.data)
    Ds402_Slave_Index6410                    0x20001370   Data          96  ds402_slave.o(.data)
    Ds402_Slave_Index6502                    0x200013d0   Data          16  ds402_slave.o(.data)
    Ds402_Slave_PDO_status                   0x200013e0   Data          72  ds402_slave.o(.data)
    Ds402_Slave_Data                         0x20001428   Data         828  ds402_slave.o(.data)
    timer                                    0x20001768   Data          50  main.o(.bss)
    SystemVar                                0x2000179a   Data         170  main.o(.bss)
    UartMode                                 0x20001844   Data          32  main.o(.bss)
    SystemError                              0x20001864   Data         116  main.o(.bss)
    MotorControler                           0x200018d8   Data          64  main.o(.bss)
    MonitorVar                               0x20001918   Data         200  main.o(.bss)
    dbufferU                                 0x200019e0   Data          24  main.o(.bss)
    dbufferV                                 0x200019f8   Data          24  main.o(.bss)
    dbufferHall                              0x20001a10   Data          24  main.o(.bss)
    dbufferEle                               0x20001a28   Data          24  main.o(.bss)
    dbufferVolt                              0x20001a40   Data          24  main.o(.bss)
    SysErrSave                               0x20001a58   Data          32  main.o(.bss)
    SysErrCountSave                          0x20001a78   Data          30  main.o(.bss)
    VarDateFlash0                            0x20001a98   Data        2048  main.o(.bss)
    VarDateFlash1                            0x20002298   Data        2048  main.o(.bss)
    VarDateFlash2                            0x20002a98   Data        2048  main.o(.bss)
    ADC_ConvertedValue                       0x20003298   Data          10  system_init.o(.bss)
    value                                    0x200032a4   Data          12  svpwmisr.o(.bss)
    SP                                       0x20003390   Data          88  cia402.o(.bss)
    PostionPlanCiA402Mode_1                  0x200033e8   Data          36  cia402.o(.bss)
    adrc_z                                   0x2000de60   Data          16  adrc.o(.bss)
    dz                                       0x2000de70   Data          16  adrc.o(.bss)
    PduData                                  0x2000dea0   Data          20  mb.o(.bss)
    R_value                                  0x2000deb4   Data          10  mb.o(.bss)
    mbdata                                   0x2000debe   Data        1024  mb.o(.bss)
    tx_buf_                                  0x2000e2be   Data          64  uart_interface.o(.bss)
    RxBuffer                                 0x2000e2fe   Data          20  uart_interface.o(.bss)
    modbus_recv_data                         0x2000e312   Data         256  uart_interface.o(.bss)
    modbus_send_data                         0x2000e412   Data         256  uart_interface.o(.bss)
    timers                                   0x2000e514   Data         192  timer_1.o(.bss)
    __initial_sp                             0x2000fad8   Data           0  startup_n32g45x.o(STACK)



==============================================================================

Memory Map of the image

  Image Entry point : 0x08000199

  Load Region LR_IROM1 (Base: 0x08000000, Size: 0x0001a0a8, Max: 0x00040000, ABSOLUTE, COMPRESSED[0x00018ed8])

    Execution Region ER_IROM1 (Exec base: 0x08000000, Load base: 0x08000000, Size: 0x00018940, Max: 0x00040000, ABSOLUTE)

    Exec Addr    Load Addr    Size         Type   Attr      Idx    E Section Name        Object

    0x08000000   0x08000000   0x00000198   Data   RO          299    RESET               startup_n32g45x.o
    0x08000198   0x08000198   0x00000000   Code   RO         2811  * .ARM.Collect$$$$00000000  mc_w.l(entry.o)
    0x08000198   0x08000198   0x00000004   Code   RO         2862    .ARM.Collect$$$$00000001  mc_w.l(entry2.o)
    0x0800019c   0x0800019c   0x00000004   Code   RO         2865    .ARM.Collect$$$$00000004  mc_w.l(entry5.o)
    0x080001a0   0x080001a0   0x00000000   Code   RO         2867    .ARM.Collect$$$$00000008  mc_w.l(entry7b.o)
    0x080001a0   0x080001a0   0x00000000   Code   RO         2869    .ARM.Collect$$$$0000000A  mc_w.l(entry8b.o)
    0x080001a0   0x080001a0   0x00000008   Code   RO         2870    .ARM.Collect$$$$0000000B  mc_w.l(entry9a.o)
    0x080001a8   0x080001a8   0x00000004   Code   RO         2877    .ARM.Collect$$$$0000000E  mc_w.l(entry12b.o)
    0x080001ac   0x080001ac   0x00000000   Code   RO         2872    .ARM.Collect$$$$0000000F  mc_w.l(entry10a.o)
    0x080001ac   0x080001ac   0x00000000   Code   RO         2874    .ARM.Collect$$$$00000011  mc_w.l(entry11a.o)
    0x080001ac   0x080001ac   0x00000004   Code   RO         2863    .ARM.Collect$$$$00002712  mc_w.l(entry2.o)
    0x080001b0   0x080001b0   0x00000264   Code   RO            4    .text               main.o
    0x08000414   0x08000414   0x00000024   Code   RO          300    .text               startup_n32g45x.o
    0x08000438   0x08000438   0x00000234   Code   RO          307    .text               system_n32g45x.o
    0x0800066c   0x0800066c   0x00000184   Code   RO          338    .text               system_init.o
    0x080007f0   0x080007f0   0x000003fc   Code   RO          377    .text               systemclock.o
    0x08000bec   0x08000bec   0x000001d8   Code   RO          411    .text               pwm.o
    0x08000dc4   0x08000dc4   0x0000013c   Code   RO          435    .text               adc.o
    0x08000f00   0x08000f00   0x000001e4   Code   RO          459    .text               spi.o
    0x080010e4   0x080010e4   0x0000029c   Code   RO          486    .text               drv8323.o
    0x08001380   0x08001380   0x000000c8   Code   RO          516    .text               misc.o
    0x08001448   0x08001448   0x000005c8   Code   RO          540    .text               n32g45x_adc.o
    0x08001a10   0x08001a10   0x00000ac4   Code   RO          588    .text               n32g45x_can.o
    0x080024d4   0x080024d4   0x00000290   Code   RO          708    .text               n32g45x_dma.o
    0x08002764   0x08002764   0x00000134   Code   RO          783    .text               n32g45x_exti.o
    0x08002898   0x08002898   0x000006ec   Code   RO          807    .text               n32g45x_flash.o
    0x08002f84   0x08002f84   0x00000534   Code   RO          831    .text               n32g45x_gpio.o
    0x080034b8   0x080034b8   0x00000510   Code   RO          951    .text               n32g45x_rcc.o
    0x080039c8   0x080039c8   0x0000030c   Code   RO         1025    .text               n32g45x_spi.o
    0x08003cd4   0x08003cd4   0x00000f60   Code   RO         1049    .text               n32g45x_tim.o
    0x08004c34   0x08004c34   0x000003ec   Code   RO         1073    .text               n32g45x_usart.o
    0x08005020   0x08005020   0x00001c8c   Code   RO         1169    .text               function.o
    0x08006cac   0x08006cac   0x00000090   Code   RO         1198    .text               pidc.o
    0x08006d3c   0x08006d3c   0x000003e8   Code   RO         1213    .text               svpwm.o
    0x08007124   0x08007124   0x00000e5c   Code   RO         1231    .text               svpwmisr.o
    0x08007f80   0x08007f80   0x000000fa   Code   RO         1264    .text               timer.o
    0x0800807a   0x0800807a   0x00000002   PAD
    0x0800807c   0x0800807c   0x000004ac   Code   RO         1288    .text               cia402.o
    0x08008528   0x08008528   0x00000e90   Code   RO         1321    .text               uartmode.o
    0x080093b8   0x080093b8   0x000000b4   Code   RO         1349    .text               flash_wr.o
    0x0800946c   0x0800946c   0x00000360   Code   RO         1373    .text               filter.o
    0x080097cc   0x080097cc   0x000001a0   Code   RO         1399    .text               pidspeed.o
    0x0800996c   0x0800996c   0x00000090   Code   RO         1427    .text               pidiqs.o
    0x080099fc   0x080099fc   0x00000090   Code   RO         1448    .text               pidids.o
    0x08009a8c   0x08009a8c   0x00000428   Code   RO         1463    .text               pidposition.o
    0x08009eb4   0x08009eb4   0x0000022c   Code   RO         1490    .text               pidholding.o
    0x0800a0e0   0x0800a0e0   0x0000241c   Code   RO         1514    .text               speedplan2.o
    0x0800c4fc   0x0800c4fc   0x00000280   Code   RO         1542    .text               adrc.o
    0x0800c77c   0x0800c77c   0x00000254   Code   RO         1779    .text               _iqnmpy.o
    0x0800c9d0   0x0800c9d0   0x00000a2e   Code   RO         1899    .text               _iqnsin_cos.o
    0x0800d3fe   0x0800d3fe   0x0000016e   Code   RO         2027    .text               mbfunccoils.o
    0x0800d56c   0x0800d56c   0x0000009e   Code   RO         2071    .text               mbfuncdisc.o
    0x0800d60a   0x0800d60a   0x000001ce   Code   RO         2095    .text               mbfuncholding.o
    0x0800d7d8   0x0800d7d8   0x00000078   Code   RO         2119    .text               mbfuncinput.o
    0x0800d850   0x0800d850   0x00000094   Code   RO         2143    .text               mbfuncother.o
    0x0800d8e4   0x0800d8e4   0x000000ac   Code   RO         2170    .text               mbutils.o
    0x0800d990   0x0800d990   0x00000038   Code   RO         2191    .text               mbcrc.o
    0x0800d9c8   0x0800d9c8   0x00000194   Code   RO         2206    .text               mbrtu.o
    0x0800db5c   0x0800db5c   0x00000988   Code   RO         2259    .text               mb.o
    0x0800e4e4   0x0800e4e4   0x00000040   Code   RO         2306    .text               portevent.o
    0x0800e524   0x0800e524   0x00000010   Code   RO         2335    .text               portserial.o
    0x0800e534   0x0800e534   0x00001954   Code   RO         2377    .text               uart_interface.o
    0x0800fe88   0x0800fe88   0x000002a6   Code   RO         2409    .text               emcy.o
    0x0801012e   0x0801012e   0x00000002   PAD
    0x08010130   0x08010130   0x000003ec   Code   RO         2440    .text               lifegrd.o
    0x0801051c   0x0801051c   0x00000084   Code   RO         2464    .text               nmtmaster.o
    0x080105a0   0x080105a0   0x0000010e   Code   RO         2476    .text               nmtslave.o
    0x080106ae   0x080106ae   0x00000002   PAD
    0x080106b0   0x080106b0   0x00000260   Code   RO         2488    .text               objacces.o
    0x08010910   0x08010910   0x00000a6e   Code   RO         2500    .text               pdo.o
    0x0801137e   0x0801137e   0x00000002   PAD
    0x08011380   0x08011380   0x00003c7a   Code   RO         2512    .text               sdo.o
    0x08014ffa   0x08014ffa   0x00000002   PAD
    0x08014ffc   0x08014ffc   0x00000470   Code   RO         2524    .text               states.o
    0x0801546c   0x0801546c   0x0000013c   Code   RO         2537    .text               sync.o
    0x080155a8   0x080155a8   0x00000198   Code   RO         2597    .text               timer_1.o
    0x08015740   0x08015740   0x000004e0   Code   RO         2672    .text               canopen_interface.o
    0x08015c20   0x08015c20   0x00000644   Code   RO         2740    .text               ds402_slave.o
    0x08016264   0x08016264   0x0000001e   Code   RO         2814    .text               mc_w.l(llshl.o)
    0x08016282   0x08016282   0x00000020   Code   RO         2816    .text               mc_w.l(llushr.o)
    0x080162a2   0x080162a2   0x00000024   Code   RO         2818    .text               mc_w.l(llsshr.o)
    0x080162c6   0x080162c6   0x00000024   Code   RO         2820    .text               mc_w.l(memcpya.o)
    0x080162ea   0x080162ea   0x00000024   Code   RO         2822    .text               mc_w.l(memseta.o)
    0x0801630e   0x0801630e   0x0000001c   Code   RO         2824    .text               mc_w.l(strcmp.o)
    0x0801632a   0x0801632a   0x0000001a   Code   RO         2826    .text               mc_w.l(memcmp.o)
    0x08016344   0x08016344   0x0000014e   Code   RO         2830    .text               mf_w.l(dadd.o)
    0x08016492   0x08016492   0x000000e4   Code   RO         2832    .text               mf_w.l(dmul.o)
    0x08016576   0x08016576   0x000000de   Code   RO         2834    .text               mf_w.l(ddiv.o)
    0x08016654   0x08016654   0x00000022   Code   RO         2836    .text               mf_w.l(dflti.o)
    0x08016676   0x08016676   0x00000026   Code   RO         2838    .text               mf_w.l(f2d.o)
    0x0801669c   0x0801669c   0x00000030   Code   RO         2840    .text               mf_w.l(cdcmple.o)
    0x080166cc   0x080166cc   0x00000030   Code   RO         2842    .text               mf_w.l(cdrcmple.o)
    0x080166fc   0x080166fc   0x00000038   Code   RO         2844    .text               mf_w.l(d2f.o)
    0x08016734   0x08016734   0x00000000   Code   RO         2885    .text               mc_w.l(iusefp.o)
    0x08016734   0x08016734   0x0000006e   Code   RO         2886    .text               mf_w.l(fepilogue.o)
    0x080167a2   0x080167a2   0x000000ba   Code   RO         2888    .text               mf_w.l(depilogue.o)
    0x0801685c   0x0801685c   0x00000004   Code   RO         2890    .text               mf_w.l(fpstat.o)
    0x08016860   0x08016860   0x00000024   Code   RO         2892    .text               mc_w.l(init.o)
    0x08016884   0x08016884   0x00000056   Code   RO         2902    .text               mc_w.l(__dczerorl2.o)
    0x080168da   0x080168da   0x00000026   Code   RO         2846    i.__ARM_fpclassifyf  m_wm.l(fpclassifyf.o)
    0x08016900   0x08016900   0x00000664   Code   RO         2785    i.__hardfp_powf     m_wm.l(powf.o)
    0x08016f64   0x08016f64   0x0000003a   Code   RO         2799    i.__hardfp_sqrtf    m_wm.l(sqrtf.o)
    0x08016f9e   0x08016f9e   0x00000002   PAD
    0x08016fa0   0x08016fa0   0x00000014   Code   RO         2848    i.__mathlib_flt_divzero  m_wm.l(funder.o)
    0x08016fb4   0x08016fb4   0x00000006   Code   RO         2850    i.__mathlib_flt_infnan2  m_wm.l(funder.o)
    0x08016fba   0x08016fba   0x00000002   PAD
    0x08016fbc   0x08016fbc   0x00000010   Code   RO         2851    i.__mathlib_flt_invalid  m_wm.l(funder.o)
    0x08016fcc   0x08016fcc   0x00000010   Code   RO         2852    i.__mathlib_flt_overflow  m_wm.l(funder.o)
    0x08016fdc   0x08016fdc   0x00000010   Code   RO         2854    i.__mathlib_flt_underflow  m_wm.l(funder.o)
    0x08016fec   0x08016fec   0x0000000e   Code   RO         2896    i.__scatterload_copy  mc_w.l(handlers.o)
    0x08016ffa   0x08016ffa   0x00000002   Code   RO         2897    i.__scatterload_null  mc_w.l(handlers.o)
    0x08016ffc   0x08016ffc   0x0000000e   Code   RO         2898    i.__scatterload_zeroinit  mc_w.l(handlers.o)
    0x0801700a   0x0801700a   0x00000002   PAD
    0x0801700c   0x0801700c   0x0000000c   Code   RO         2880    i.__set_errno       mc_w.l(errno.o)
    0x08017018   0x08017018   0x00000010   Data   RO          308    .constdata          system_n32g45x.o
    0x08017028   0x08017028   0x00000040   Data   RO          952    .constdata          n32g45x_rcc.o
    0x08017068   0x08017068   0x000012fc   Data   RO         1947    .constdata          _iqntables.o
    0x08018364   0x08018364   0x00000200   Data   RO         2192    .constdata          mbcrc.o
    0x08018564   0x08018564   0x00000040   Data   RO         2525    .constdata          states.o
    0x080185a4   0x080185a4   0x0000022e   Data   RO         2741    .constdata          ds402_slave.o
    0x080187d2   0x080187d2   0x00000002   PAD
    0x080187d4   0x080187d4   0x00000140   Data   RO         2788    .constdata          m_wm.l(powf.o)
    0x08018914   0x08018914   0x0000000a   Data   RO         2674    .conststring        canopen_interface.o
    0x0801891e   0x0801891e   0x00000002   PAD
    0x08018920   0x08018920   0x00000020   Data   RO         2894    Region$$Table       anon$$obj.o


    Execution Region RW_IRAM1 (Exec base: 0x20000000, Load base: 0x08018940, Size: 0x0000fad8, Max: 0x00024000, ABSOLUTE, COMPRESSED[0x00000598])

    Exec Addr    Load Addr    Size         Type   Attr      Idx    E Section Name        Object

    0x20000000   COMPRESSED   0x000005b8   Data   RW            7    .data               main.o
    0x200005b8   COMPRESSED   0x00000004   Data   RW          309    .data               system_n32g45x.o
    0x200005bc   COMPRESSED   0x0000000e   Data   RW          340    .data               system_init.o
    0x200005ca   COMPRESSED   0x00000002   PAD
    0x200005cc   COMPRESSED   0x00000004   Data   RW          378    .data               systemclock.o
    0x200005d0   COMPRESSED   0x00000004   Data   RW          460    .data               spi.o
    0x200005d4   COMPRESSED   0x00000026   Data   RW         1170    .data               function.o
    0x200005fa   COMPRESSED   0x00000004   Data   RW         1214    .data               svpwm.o
    0x200005fe   COMPRESSED   0x00000002   PAD
    0x20000600   COMPRESSED   0x00000062   Data   RW         1233    .data               svpwmisr.o
    0x20000662   COMPRESSED   0x00000002   PAD
    0x20000664   COMPRESSED   0x00000014   Data   RW         1290    .data               cia402.o
    0x20000678   COMPRESSED   0x00000008   Data   RW         1322    .data               uartmode.o
    0x20000680   COMPRESSED   0x00000028   Data   RW         1375    .data               filter.o
    0x200006a8   COMPRESSED   0x00000018   Data   RW         1400    .data               pidspeed.o
    0x200006c0   COMPRESSED   0x00000030   Data   RW         1464    .data               pidposition.o
    0x200006f0   COMPRESSED   0x0000003c   Data   RW         1491    .data               pidholding.o
    0x2000072c   COMPRESSED   0x00000014   Data   RW         1515    .data               speedplan2.o
    0x20000740   COMPRESSED   0x00000038   Data   RW         1544    .data               adrc.o
    0x20000778   COMPRESSED   0x00000002   Data   RW         2145    .data               mbfuncother.o
    0x2000077a   COMPRESSED   0x00000002   PAD
    0x2000077c   COMPRESSED   0x0000000e   Data   RW         2207    .data               mbrtu.o
    0x2000078a   COMPRESSED   0x00000002   PAD
    0x2000078c   COMPRESSED   0x000000b0   Data   RW         2261    .data               mb.o
    0x2000083c   COMPRESSED   0x00000002   Data   RW         2307    .data               portevent.o
    0x2000083e   COMPRESSED   0x00000002   PAD
    0x20000840   COMPRESSED   0x00000022   Data   RW         2379    .data               uart_interface.o
    0x20000862   COMPRESSED   0x00000002   PAD
    0x20000864   COMPRESSED   0x0000000c   Data   RW         2599    .data               timer_1.o
    0x20000870   COMPRESSED   0x00000018   Data   RW         2675    .data               canopen_interface.o
    0x20000888   COMPRESSED   0x00000edc   Data   RW         2742    .data               ds402_slave.o
    0x20001764   COMPRESSED   0x00000004   Data   RW         2881    .data               mc_w.l(errno.o)
    0x20001768        -       0x00001b30   Zero   RW            5    .bss                main.o
    0x20003298        -       0x0000000a   Zero   RW          339    .bss                system_init.o
    0x200032a2   COMPRESSED   0x00000002   PAD
    0x200032a4        -       0x000000ec   Zero   RW         1232    .bss                svpwmisr.o
    0x20003390        -       0x0000007c   Zero   RW         1289    .bss                cia402.o
    0x2000340c        -       0x0000aa50   Zero   RW         1374    .bss                filter.o
    0x2000de5c   COMPRESSED   0x00000004   PAD
    0x2000de60        -       0x00000020   Zero   RW         1543    .bss                adrc.o
    0x2000de80        -       0x00000020   Zero   RW         2144    .bss                mbfuncother.o
    0x2000dea0        -       0x0000041e   Zero   RW         2260    .bss                mb.o
    0x2000e2be        -       0x00000254   Zero   RW         2378    .bss                uart_interface.o
    0x2000e512   COMPRESSED   0x00000002   PAD
    0x2000e514        -       0x000000c0   Zero   RW         2598    .bss                timer_1.o
    0x2000e5d4   COMPRESSED   0x00000004   PAD
    0x2000e5d8        -       0x00001500   Zero   RW          297    STACK               startup_n32g45x.o


==============================================================================

Image component sizes


      Code (inc. data)   RO Data    RW Data    ZI Data      Debug   Object Name

         0          0          0          0          0       1896   _iqnexp.o
       596          0          0          0          0       8100   _iqnmpy.o
      2606         20          0          0          0      24486   _iqnsin_cos.o
         0          0       4860          0          0       3054   _iqntables.o
       316         10          0          0          0        715   adc.o
       640         44          0         56         32       1526   adrc.o
      1248        114         10         24          0     304177   canopen_interface.o
      1196        150          0         20        124       1831   cia402.o
       668         16          0          0          0       7900   drv8323.o
      1604         60        558       3804          0      20819   ds402_slave.o
       678          0          0          0          0       3915   emcy.o
       864         80          0         40      43600       2468   filter.o
       180          0          0          0          0       1981   flash_wr.o
      7308       1020          0         38          0       5212   function.o
      1004          4          0          0          0       5395   lifegrd.o
       612         68          0       1464       6960     442045   main.o
      2440        122          0        176       1054      13292   mb.o
        56          8        512          0          0       1156   mbcrc.o
       366          0          0          0          0       5607   mbfunccoils.o
       158          0          0          0          0       1572   mbfuncdisc.o
       462          0          0          0          0       3941   mbfuncholding.o
       120          0          0          0          0       1547   mbfuncinput.o
       148          8          0          2         32       1781   mbfuncother.o
       404         30          0         14          0       9483   mbrtu.o
       172          0          0          0          0       1950   mbutils.o
       200         20          0          0          0       1965   misc.o
      1480         38          0          0          0      12767   n32g45x_adc.o
      2756         42          0          0          0       8420   n32g45x_can.o
       656         10          0          0          0       5526   n32g45x_dma.o
       308          8          0          0          0       2634   n32g45x_exti.o
      1772         48          0          0          0       8989   n32g45x_flash.o
      1332         46          0          0          0       6852   n32g45x_gpio.o
      1296         66         64          0          0      12397   n32g45x_rcc.o
       780         14          0          0          0       6950   n32g45x_spi.o
      3936         74          0          0          0      27195   n32g45x_tim.o
      1004         30          0          0          0       8363   n32g45x_usart.o
       132          0          0          0          0       1409   nmtmaster.o
       270          0          0          0          0       1132   nmtslave.o
       608         16          0          0          0       3588   objacces.o
      2670          6          0          0          0       8831   pdo.o
       144          4          0          0          0        556   pidc.o
       556         42          0         60          0       1534   pidholding.o
       144          6          0          0          0        562   pidids.o
       144          4          0          0          0        566   pidiqs.o
      1064         74          0         48          0       1758   pidposition.o
       416         34          0         24          0       1525   pidspeed.o
        64         10          0          2          0       1500   portevent.o
        16          0          0          0          0       1145   portserial.o
       472         10          0          0          0       2050   pwm.o
     15482        150          0          0          0      22435   sdo.o
      9244        130          0         20          0       6239   speedplan2.o
       484         26          0          4          0       2738   spi.o
        36          8        408          0       5376        872   startup_n32g45x.o
      1136         20         64          0          0       4435   states.o
      1000         20          0          4          0       2213   svpwm.o
      3676        312          0         98        236       4084   svpwmisr.o
       316          6          0          0          0      15558   sync.o
       388         34          0         14         10       1956   system_init.o
       564         56         16          4          0       2163   system_n32g45x.o
      1020         46          0          4          0      32942   systemclock.o
       250          0          0          0          0        966   timer.o
       408         14          0         12        192       3438   timer_1.o
      6484        594          0         34        596       6288   uart_interface.o
      3728        422          0          8          0       3103   uartmode.o

    ----------------------------------------------------------------------
     90292       4194       6528       5988      58224    1113493   Object Totals
         0          0         32          0          0          0   (incl. Generated)
        10          0          4         14         12          0   (incl. Padding)

    ----------------------------------------------------------------------

      Code (inc. data)   RO Data    RW Data    ZI Data      Debug   Library Member Name

        38          0          0          0          0        116   fpclassifyf.o
        74         24          0          0          0        580   funder.o
      1636        110        320          0          0        372   powf.o
        58          0          0          0          0        136   sqrtf.o
        86          0          0          0          0          0   __dczerorl2.o
         0          0          0          0          0          0   entry.o
         0          0          0          0          0          0   entry10a.o
         0          0          0          0          0          0   entry11a.o
         4          0          0          0          0          0   entry12b.o
         8          4          0          0          0          0   entry2.o
         4          0          0          0          0          0   entry5.o
         0          0          0          0          0          0   entry7b.o
         0          0          0          0          0          0   entry8b.o
         8          4          0          0          0          0   entry9a.o
        12          6          0          4          0         68   errno.o
        30          0          0          0          0          0   handlers.o
        36          8          0          0          0         68   init.o
         0          0          0          0          0          0   iusefp.o
        30          0          0          0          0         68   llshl.o
        36          0          0          0          0         68   llsshr.o
        32          0          0          0          0         68   llushr.o
        26          0          0          0          0         80   memcmp.o
        36          0          0          0          0         68   memcpya.o
        36          0          0          0          0        108   memseta.o
        28          0          0          0          0         76   strcmp.o
        48          0          0          0          0         68   cdcmple.o
        48          0          0          0          0         68   cdrcmple.o
        56          0          0          0          0         88   d2f.o
       334          0          0          0          0        148   dadd.o
       222          0          0          0          0        100   ddiv.o
       186          0          0          0          0        176   depilogue.o
        34          0          0          0          0         76   dflti.o
       228          0          0          0          0         96   dmul.o
        38          0          0          0          0         68   f2d.o
       110          0          0          0          0        168   fepilogue.o
         4          0          0          0          0         68   fpstat.o

    ----------------------------------------------------------------------
      3532        156        320          4          0       3000   Library Totals
         6          0          0          0          0          0   (incl. Padding)

    ----------------------------------------------------------------------

      Code (inc. data)   RO Data    RW Data    ZI Data      Debug   Library Name

      1806        134        320          0          0       1204   m_wm.l
       412         22          0          4          0        672   mc_w.l
      1308          0          0          0          0       1124   mf_w.l

    ----------------------------------------------------------------------
      3532        156        320          4          0       3000   Library Totals

    ----------------------------------------------------------------------

==============================================================================


      Code (inc. data)   RO Data    RW Data    ZI Data      Debug   

     93824       4350       6848       5992      58224    1103093   Grand Totals
     93824       4350       6848       1432      58224    1103093   ELF Image Totals (compressed)
     93824       4350       6848       1432          0          0   ROM Totals

==============================================================================

    Total RO  Size (Code + RO Data)               100672 (  98.31kB)
    Total RW  Size (RW Data + ZI Data)             64216 (  62.71kB)
    Total ROM Size (Code + RO Data + RW Data)     102104 (  99.71kB)

==============================================================================

